
===========================================================================
report_checks -path_delay min (Hold)
============================================================================
Startpoint: _812_ (rising edge-triggered flip-flop clocked by sysclk_i)
Endpoint: _814_ (removal check against rising-edge clock sysclk_i)
Path Group: **async_default**
Path Type: min

Fanout     Cap    Slew   Delay    Time   Description
-----------------------------------------------------------------------------
                          0.00    0.00   clock sysclk_i (rise edge)
                          0.00    0.00   clock source latency
                  0.07    0.04    0.04 ^ sysclk_i (in)
     1    0.01                           sysclk_i (net)
                  0.07    0.00    0.04 ^ clkbuf_0_sysclk_i/A (sky130_fd_sc_hd__clkbuf_16)
                  0.03    0.11    0.15 ^ clkbuf_0_sysclk_i/X (sky130_fd_sc_hd__clkbuf_16)
     2    0.00                           clknet_0_sysclk_i (net)
                  0.03    0.00    0.15 ^ clkbuf_1_1_0_sysclk_i/A (sky130_fd_sc_hd__clkbuf_2)
                  0.04    0.08    0.23 ^ clkbuf_1_1_0_sysclk_i/X (sky130_fd_sc_hd__clkbuf_2)
     2    0.00                           clknet_1_1_0_sysclk_i (net)
                  0.04    0.00    0.23 ^ clkbuf_2_3_0_sysclk_i/A (sky130_fd_sc_hd__clkbuf_2)
                  0.09    0.12    0.35 ^ clkbuf_2_3_0_sysclk_i/X (sky130_fd_sc_hd__clkbuf_2)
     8    0.01                           clknet_2_3_0_sysclk_i (net)
                  0.09    0.00    0.35 ^ _812_/CLK (sky130_fd_sc_hd__dfstp_4)
                  0.07    0.46    0.81 v _812_/Q (sky130_fd_sc_hd__dfstp_4)
    13    0.03                           inst_count10m.rst_i (net)
                  0.07    0.00    0.81 v _405_/A (sky130_fd_sc_hd__inv_2)
                  0.05    0.06    0.87 ^ _405_/Y (sky130_fd_sc_hd__inv_2)
     4    0.01                           _159_ (net)
                  0.05    0.00    0.87 ^ _527_/A (sky130_fd_sc_hd__clkbuf_2)
                  0.07    0.11    0.98 ^ _527_/X (sky130_fd_sc_hd__clkbuf_2)
     5    0.01                           _232_ (net)
                  0.07    0.00    0.98 ^ _532_/A (sky130_fd_sc_hd__clkbuf_1)
                  0.04    0.07    1.06 ^ _532_/X (sky130_fd_sc_hd__clkbuf_1)
     1    0.00                           _235_ (net)
                  0.04    0.00    1.06 ^ _533_/A (sky130_fd_sc_hd__clkbuf_1)
                  0.06    0.08    1.13 ^ _533_/X (sky130_fd_sc_hd__clkbuf_1)
     1    0.00                           _096_ (net)
                  0.06    0.00    1.13 ^ _814_/RESET_B (sky130_fd_sc_hd__dfrtp_1)
                                  1.13   data arrival time

                          0.00    0.00   clock sysclk_i (rise edge)
                          0.00    0.00   clock source latency
                  0.07    0.05    0.05 ^ sysclk_i (in)
     1    0.01                           sysclk_i (net)
                  0.07    0.00    0.05 ^ clkbuf_0_sysclk_i/A (sky130_fd_sc_hd__clkbuf_16)
                  0.03    0.13    0.18 ^ clkbuf_0_sysclk_i/X (sky130_fd_sc_hd__clkbuf_16)
     2    0.00                           clknet_0_sysclk_i (net)
                  0.03    0.00    0.18 ^ clkbuf_1_0_0_sysclk_i/A (sky130_fd_sc_hd__clkbuf_2)
                  0.04    0.10    0.29 ^ clkbuf_1_0_0_sysclk_i/X (sky130_fd_sc_hd__clkbuf_2)
     2    0.00                           clknet_1_0_0_sysclk_i (net)
                  0.04    0.00    0.29 ^ clkbuf_2_0_0_sysclk_i/A (sky130_fd_sc_hd__clkbuf_2)
                  0.10    0.16    0.44 ^ clkbuf_2_0_0_sysclk_i/X (sky130_fd_sc_hd__clkbuf_2)
     9    0.02                           clknet_2_0_0_sysclk_i (net)
                  0.10    0.00    0.44 ^ _814_/CLK (sky130_fd_sc_hd__dfrtp_1)
                          0.25    0.69   clock uncertainty
                         -0.03    0.66   clock reconvergence pessimism
                          0.34    1.00   library removal time
                                  1.00   data required time
-----------------------------------------------------------------------------
                                  1.00   data required time
                                 -1.13   data arrival time
-----------------------------------------------------------------------------
                                  0.14   slack (MET)


Startpoint: _812_ (rising edge-triggered flip-flop clocked by sysclk_i)
Endpoint: _815_ (removal check against rising-edge clock sysclk_i)
Path Group: **async_default**
Path Type: min

Fanout     Cap    Slew   Delay    Time   Description
-----------------------------------------------------------------------------
                          0.00    0.00   clock sysclk_i (rise edge)
                          0.00    0.00   clock source latency
                  0.07    0.04    0.04 ^ sysclk_i (in)
     1    0.01                           sysclk_i (net)
                  0.07    0.00    0.04 ^ clkbuf_0_sysclk_i/A (sky130_fd_sc_hd__clkbuf_16)
                  0.03    0.11    0.15 ^ clkbuf_0_sysclk_i/X (sky130_fd_sc_hd__clkbuf_16)
     2    0.00                           clknet_0_sysclk_i (net)
                  0.03    0.00    0.15 ^ clkbuf_1_1_0_sysclk_i/A (sky130_fd_sc_hd__clkbuf_2)
                  0.04    0.08    0.23 ^ clkbuf_1_1_0_sysclk_i/X (sky130_fd_sc_hd__clkbuf_2)
     2    0.00                           clknet_1_1_0_sysclk_i (net)
                  0.04    0.00    0.23 ^ clkbuf_2_3_0_sysclk_i/A (sky130_fd_sc_hd__clkbuf_2)
                  0.09    0.12    0.35 ^ clkbuf_2_3_0_sysclk_i/X (sky130_fd_sc_hd__clkbuf_2)
     8    0.01                           clknet_2_3_0_sysclk_i (net)
                  0.09    0.00    0.35 ^ _812_/CLK (sky130_fd_sc_hd__dfstp_4)
                  0.07    0.46    0.81 v _812_/Q (sky130_fd_sc_hd__dfstp_4)
    13    0.03                           inst_count10m.rst_i (net)
                  0.07    0.00    0.81 v _405_/A (sky130_fd_sc_hd__inv_2)
                  0.05    0.06    0.87 ^ _405_/Y (sky130_fd_sc_hd__inv_2)
     4    0.01                           _159_ (net)
                  0.05    0.00    0.87 ^ _527_/A (sky130_fd_sc_hd__clkbuf_2)
                  0.07    0.11    0.98 ^ _527_/X (sky130_fd_sc_hd__clkbuf_2)
     5    0.01                           _232_ (net)
                  0.07    0.00    0.98 ^ _530_/A (sky130_fd_sc_hd__clkbuf_1)
                  0.04    0.07    1.06 ^ _530_/X (sky130_fd_sc_hd__clkbuf_1)
     1    0.00                           _234_ (net)
                  0.04    0.00    1.06 ^ _531_/A (sky130_fd_sc_hd__clkbuf_1)
                  0.06    0.08    1.13 ^ _531_/X (sky130_fd_sc_hd__clkbuf_1)
     1    0.00                           _097_ (net)
                  0.06    0.00    1.13 ^ _815_/RESET_B (sky130_fd_sc_hd__dfrtp_1)
                                  1.13   data arrival time

                          0.00    0.00   clock sysclk_i (rise edge)
                          0.00    0.00   clock source latency
                  0.07    0.05    0.05 ^ sysclk_i (in)
     1    0.01                           sysclk_i (net)
                  0.07    0.00    0.05 ^ clkbuf_0_sysclk_i/A (sky130_fd_sc_hd__clkbuf_16)
                  0.03    0.13    0.18 ^ clkbuf_0_sysclk_i/X (sky130_fd_sc_hd__clkbuf_16)
     2    0.00                           clknet_0_sysclk_i (net)
                  0.03    0.00    0.18 ^ clkbuf_1_0_0_sysclk_i/A (sky130_fd_sc_hd__clkbuf_2)
                  0.04    0.10    0.29 ^ clkbuf_1_0_0_sysclk_i/X (sky130_fd_sc_hd__clkbuf_2)
     2    0.00                           clknet_1_0_0_sysclk_i (net)
                  0.04    0.00    0.29 ^ clkbuf_2_0_0_sysclk_i/A (sky130_fd_sc_hd__clkbuf_2)
                  0.10    0.16    0.44 ^ clkbuf_2_0_0_sysclk_i/X (sky130_fd_sc_hd__clkbuf_2)
     9    0.02                           clknet_2_0_0_sysclk_i (net)
                  0.10    0.00    0.44 ^ _815_/CLK (sky130_fd_sc_hd__dfrtp_1)
                          0.25    0.69   clock uncertainty
                         -0.03    0.66   clock reconvergence pessimism
                          0.34    1.00   library removal time
                                  1.00   data required time
-----------------------------------------------------------------------------
                                  1.00   data required time
                                 -1.13   data arrival time
-----------------------------------------------------------------------------
                                  0.14   slack (MET)


Startpoint: _812_ (rising edge-triggered flip-flop clocked by sysclk_i)
Endpoint: _816_ (removal check against rising-edge clock sysclk_i)
Path Group: **async_default**
Path Type: min

Fanout     Cap    Slew   Delay    Time   Description
-----------------------------------------------------------------------------
                          0.00    0.00   clock sysclk_i (rise edge)
                          0.00    0.00   clock source latency
                  0.07    0.04    0.04 ^ sysclk_i (in)
     1    0.01                           sysclk_i (net)
                  0.07    0.00    0.04 ^ clkbuf_0_sysclk_i/A (sky130_fd_sc_hd__clkbuf_16)
                  0.03    0.11    0.15 ^ clkbuf_0_sysclk_i/X (sky130_fd_sc_hd__clkbuf_16)
     2    0.00                           clknet_0_sysclk_i (net)
                  0.03    0.00    0.15 ^ clkbuf_1_1_0_sysclk_i/A (sky130_fd_sc_hd__clkbuf_2)
                  0.04    0.08    0.23 ^ clkbuf_1_1_0_sysclk_i/X (sky130_fd_sc_hd__clkbuf_2)
     2    0.00                           clknet_1_1_0_sysclk_i (net)
                  0.04    0.00    0.23 ^ clkbuf_2_3_0_sysclk_i/A (sky130_fd_sc_hd__clkbuf_2)
                  0.09    0.12    0.35 ^ clkbuf_2_3_0_sysclk_i/X (sky130_fd_sc_hd__clkbuf_2)
     8    0.01                           clknet_2_3_0_sysclk_i (net)
                  0.09    0.00    0.35 ^ _812_/CLK (sky130_fd_sc_hd__dfstp_4)
                  0.07    0.46    0.81 v _812_/Q (sky130_fd_sc_hd__dfstp_4)
    13    0.03                           inst_count10m.rst_i (net)
                  0.07    0.00    0.81 v _405_/A (sky130_fd_sc_hd__inv_2)
                  0.05    0.06    0.87 ^ _405_/Y (sky130_fd_sc_hd__inv_2)
     4    0.01                           _159_ (net)
                  0.05    0.00    0.87 ^ _527_/A (sky130_fd_sc_hd__clkbuf_2)
                  0.07    0.11    0.98 ^ _527_/X (sky130_fd_sc_hd__clkbuf_2)
     5    0.01                           _232_ (net)
                  0.07    0.00    0.98 ^ _528_/A (sky130_fd_sc_hd__clkbuf_1)
                  0.04    0.07    1.06 ^ _528_/X (sky130_fd_sc_hd__clkbuf_1)
     1    0.00                           _233_ (net)
                  0.04    0.00    1.06 ^ _529_/A (sky130_fd_sc_hd__clkbuf_1)
                  0.06    0.08    1.13 ^ _529_/X (sky130_fd_sc_hd__clkbuf_1)
     1    0.00                           _098_ (net)
                  0.06    0.00    1.13 ^ _816_/RESET_B (sky130_fd_sc_hd__dfrtp_1)
                                  1.13   data arrival time

                          0.00    0.00   clock sysclk_i (rise edge)
                          0.00    0.00   clock source latency
                  0.07    0.05    0.05 ^ sysclk_i (in)
     1    0.01                           sysclk_i (net)
                  0.07    0.00    0.05 ^ clkbuf_0_sysclk_i/A (sky130_fd_sc_hd__clkbuf_16)
                  0.03    0.13    0.18 ^ clkbuf_0_sysclk_i/X (sky130_fd_sc_hd__clkbuf_16)
     2    0.00                           clknet_0_sysclk_i (net)
                  0.03    0.00    0.18 ^ clkbuf_1_0_0_sysclk_i/A (sky130_fd_sc_hd__clkbuf_2)
                  0.04    0.10    0.29 ^ clkbuf_1_0_0_sysclk_i/X (sky130_fd_sc_hd__clkbuf_2)
     2    0.00                           clknet_1_0_0_sysclk_i (net)
                  0.04    0.00    0.29 ^ clkbuf_2_1_0_sysclk_i/A (sky130_fd_sc_hd__clkbuf_2)
                  0.08    0.14    0.43 ^ clkbuf_2_1_0_sysclk_i/X (sky130_fd_sc_hd__clkbuf_2)
     7    0.01                           clknet_2_1_0_sysclk_i (net)
                  0.08    0.00    0.43 ^ _816_/CLK (sky130_fd_sc_hd__dfrtp_1)
                          0.25    0.68   clock uncertainty
                         -0.03    0.64   clock reconvergence pessimism
                          0.33    0.98   library removal time
                                  0.98   data required time
-----------------------------------------------------------------------------
                                  0.98   data required time
                                 -1.13   data arrival time
-----------------------------------------------------------------------------
                                  0.16   slack (MET)


Startpoint: _812_ (rising edge-triggered flip-flop clocked by sysclk_i)
Endpoint: _822_ (removal check against rising-edge clock sysclk_i)
Path Group: **async_default**
Path Type: min

Fanout     Cap    Slew   Delay    Time   Description
-----------------------------------------------------------------------------
                          0.00    0.00   clock sysclk_i (rise edge)
                          0.00    0.00   clock source latency
                  0.07    0.04    0.04 ^ sysclk_i (in)
     1    0.01                           sysclk_i (net)
                  0.07    0.00    0.04 ^ clkbuf_0_sysclk_i/A (sky130_fd_sc_hd__clkbuf_16)
                  0.03    0.11    0.15 ^ clkbuf_0_sysclk_i/X (sky130_fd_sc_hd__clkbuf_16)
     2    0.00                           clknet_0_sysclk_i (net)
                  0.03    0.00    0.15 ^ clkbuf_1_1_0_sysclk_i/A (sky130_fd_sc_hd__clkbuf_2)
                  0.04    0.08    0.23 ^ clkbuf_1_1_0_sysclk_i/X (sky130_fd_sc_hd__clkbuf_2)
     2    0.00                           clknet_1_1_0_sysclk_i (net)
                  0.04    0.00    0.23 ^ clkbuf_2_3_0_sysclk_i/A (sky130_fd_sc_hd__clkbuf_2)
                  0.09    0.12    0.35 ^ clkbuf_2_3_0_sysclk_i/X (sky130_fd_sc_hd__clkbuf_2)
     8    0.01                           clknet_2_3_0_sysclk_i (net)
                  0.09    0.00    0.35 ^ _812_/CLK (sky130_fd_sc_hd__dfstp_4)
                  0.07    0.46    0.81 v _812_/Q (sky130_fd_sc_hd__dfstp_4)
    13    0.03                           inst_count10m.rst_i (net)
                  0.07    0.00    0.81 v _405_/A (sky130_fd_sc_hd__inv_2)
                  0.05    0.06    0.87 ^ _405_/Y (sky130_fd_sc_hd__inv_2)
     4    0.01                           _159_ (net)
                  0.05    0.00    0.87 ^ _406_/A (sky130_fd_sc_hd__clkbuf_2)
                  0.06    0.10    0.98 ^ _406_/X (sky130_fd_sc_hd__clkbuf_2)
     5    0.01                           _160_ (net)
                  0.06    0.00    0.98 ^ _505_/A (sky130_fd_sc_hd__dlymetal6s2s_1)
                  0.14    0.14    1.12 ^ _505_/X (sky130_fd_sc_hd__dlymetal6s2s_1)
     5    0.01                           _220_ (net)
                  0.14    0.00    1.12 ^ _514_/A (sky130_fd_sc_hd__clkbuf_1)
                  0.04    0.09    1.21 ^ _514_/X (sky130_fd_sc_hd__clkbuf_1)
     1    0.00                           _225_ (net)
                  0.04    0.00    1.21 ^ _515_/A (sky130_fd_sc_hd__clkbuf_1)
                  0.06    0.08    1.28 ^ _515_/X (sky130_fd_sc_hd__clkbuf_1)
     1    0.00                           _104_ (net)
                  0.06    0.00    1.28 ^ _822_/RESET_B (sky130_fd_sc_hd__dfrtp_1)
                                  1.28   data arrival time

                          0.00    0.00   clock sysclk_i (rise edge)
                          0.00    0.00   clock source latency
                  0.07    0.05    0.05 ^ sysclk_i (in)
     1    0.01                           sysclk_i (net)
                  0.07    0.00    0.05 ^ clkbuf_0_sysclk_i/A (sky130_fd_sc_hd__clkbuf_16)
                  0.03    0.13    0.18 ^ clkbuf_0_sysclk_i/X (sky130_fd_sc_hd__clkbuf_16)
     2    0.00                           clknet_0_sysclk_i (net)
                  0.03    0.00    0.18 ^ clkbuf_1_0_0_sysclk_i/A (sky130_fd_sc_hd__clkbuf_2)
                  0.04    0.10    0.29 ^ clkbuf_1_0_0_sysclk_i/X (sky130_fd_sc_hd__clkbuf_2)
     2    0.00                           clknet_1_0_0_sysclk_i (net)
                  0.04    0.00    0.29 ^ clkbuf_2_0_0_sysclk_i/A (sky130_fd_sc_hd__clkbuf_2)
                  0.10    0.16    0.44 ^ clkbuf_2_0_0_sysclk_i/X (sky130_fd_sc_hd__clkbuf_2)
     9    0.02                           clknet_2_0_0_sysclk_i (net)
                  0.10    0.00    0.44 ^ _822_/CLK (sky130_fd_sc_hd__dfrtp_1)
                          0.25    0.69   clock uncertainty
                         -0.03    0.66   clock reconvergence pessimism
                          0.34    1.00   library removal time
                                  1.00   data required time
-----------------------------------------------------------------------------
                                  1.00   data required time
                                 -1.28   data arrival time
-----------------------------------------------------------------------------
                                  0.29   slack (MET)


Startpoint: _812_ (rising edge-triggered flip-flop clocked by sysclk_i)
Endpoint: _823_ (removal check against rising-edge clock sysclk_i)
Path Group: **async_default**
Path Type: min

Fanout     Cap    Slew   Delay    Time   Description
-----------------------------------------------------------------------------
                          0.00    0.00   clock sysclk_i (rise edge)
                          0.00    0.00   clock source latency
                  0.07    0.04    0.04 ^ sysclk_i (in)
     1    0.01                           sysclk_i (net)
                  0.07    0.00    0.04 ^ clkbuf_0_sysclk_i/A (sky130_fd_sc_hd__clkbuf_16)
                  0.03    0.11    0.15 ^ clkbuf_0_sysclk_i/X (sky130_fd_sc_hd__clkbuf_16)
     2    0.00                           clknet_0_sysclk_i (net)
                  0.03    0.00    0.15 ^ clkbuf_1_1_0_sysclk_i/A (sky130_fd_sc_hd__clkbuf_2)
                  0.04    0.08    0.23 ^ clkbuf_1_1_0_sysclk_i/X (sky130_fd_sc_hd__clkbuf_2)
     2    0.00                           clknet_1_1_0_sysclk_i (net)
                  0.04    0.00    0.23 ^ clkbuf_2_3_0_sysclk_i/A (sky130_fd_sc_hd__clkbuf_2)
                  0.09    0.12    0.35 ^ clkbuf_2_3_0_sysclk_i/X (sky130_fd_sc_hd__clkbuf_2)
     8    0.01                           clknet_2_3_0_sysclk_i (net)
                  0.09    0.00    0.35 ^ _812_/CLK (sky130_fd_sc_hd__dfstp_4)
                  0.07    0.46    0.81 v _812_/Q (sky130_fd_sc_hd__dfstp_4)
    13    0.03                           inst_count10m.rst_i (net)
                  0.07    0.00    0.81 v _405_/A (sky130_fd_sc_hd__inv_2)
                  0.05    0.06    0.87 ^ _405_/Y (sky130_fd_sc_hd__inv_2)
     4    0.01                           _159_ (net)
                  0.05    0.00    0.87 ^ _406_/A (sky130_fd_sc_hd__clkbuf_2)
                  0.06    0.10    0.98 ^ _406_/X (sky130_fd_sc_hd__clkbuf_2)
     5    0.01                           _160_ (net)
                  0.06    0.00    0.98 ^ _505_/A (sky130_fd_sc_hd__dlymetal6s2s_1)
                  0.14    0.14    1.12 ^ _505_/X (sky130_fd_sc_hd__dlymetal6s2s_1)
     5    0.01                           _220_ (net)
                  0.14    0.00    1.12 ^ _512_/A (sky130_fd_sc_hd__clkbuf_1)
                  0.04    0.09    1.21 ^ _512_/X (sky130_fd_sc_hd__clkbuf_1)
     1    0.00                           _224_ (net)
                  0.04    0.00    1.21 ^ _513_/A (sky130_fd_sc_hd__clkbuf_1)
                  0.06    0.08    1.28 ^ _513_/X (sky130_fd_sc_hd__clkbuf_1)
     1    0.00                           _105_ (net)
                  0.06    0.00    1.28 ^ _823_/RESET_B (sky130_fd_sc_hd__dfrtp_1)
                                  1.28   data arrival time

                          0.00    0.00   clock sysclk_i (rise edge)
                          0.00    0.00   clock source latency
                  0.07    0.05    0.05 ^ sysclk_i (in)
     1    0.01                           sysclk_i (net)
                  0.07    0.00    0.05 ^ clkbuf_0_sysclk_i/A (sky130_fd_sc_hd__clkbuf_16)
                  0.03    0.13    0.18 ^ clkbuf_0_sysclk_i/X (sky130_fd_sc_hd__clkbuf_16)
     2    0.00                           clknet_0_sysclk_i (net)
                  0.03    0.00    0.18 ^ clkbuf_1_0_0_sysclk_i/A (sky130_fd_sc_hd__clkbuf_2)
                  0.04    0.10    0.29 ^ clkbuf_1_0_0_sysclk_i/X (sky130_fd_sc_hd__clkbuf_2)
     2    0.00                           clknet_1_0_0_sysclk_i (net)
                  0.04    0.00    0.29 ^ clkbuf_2_0_0_sysclk_i/A (sky130_fd_sc_hd__clkbuf_2)
                  0.10    0.16    0.44 ^ clkbuf_2_0_0_sysclk_i/X (sky130_fd_sc_hd__clkbuf_2)
     9    0.02                           clknet_2_0_0_sysclk_i (net)
                  0.10    0.00    0.44 ^ _823_/CLK (sky130_fd_sc_hd__dfrtp_1)
                          0.25    0.69   clock uncertainty
                         -0.03    0.66   clock reconvergence pessimism
                          0.34    1.00   library removal time
                                  1.00   data required time
-----------------------------------------------------------------------------
                                  1.00   data required time
                                 -1.28   data arrival time
-----------------------------------------------------------------------------
                                  0.29   slack (MET)


Startpoint: _814_ (rising edge-triggered flip-flop clocked by sysclk_i)
Endpoint: _814_ (rising edge-triggered flip-flop clocked by sysclk_i)
Path Group: sysclk_i
Path Type: min

Fanout     Cap    Slew   Delay    Time   Description
-----------------------------------------------------------------------------
                          0.00    0.00   clock sysclk_i (rise edge)
                          0.00    0.00   clock source latency
                  0.07    0.04    0.04 ^ sysclk_i (in)
     1    0.01                           sysclk_i (net)
                  0.07    0.00    0.04 ^ clkbuf_0_sysclk_i/A (sky130_fd_sc_hd__clkbuf_16)
                  0.03    0.11    0.15 ^ clkbuf_0_sysclk_i/X (sky130_fd_sc_hd__clkbuf_16)
     2    0.00                           clknet_0_sysclk_i (net)
                  0.03    0.00    0.15 ^ clkbuf_1_0_0_sysclk_i/A (sky130_fd_sc_hd__clkbuf_2)
                  0.04    0.08    0.23 ^ clkbuf_1_0_0_sysclk_i/X (sky130_fd_sc_hd__clkbuf_2)
     2    0.00                           clknet_1_0_0_sysclk_i (net)
                  0.04    0.00    0.23 ^ clkbuf_2_0_0_sysclk_i/A (sky130_fd_sc_hd__clkbuf_2)
                  0.10    0.13    0.36 ^ clkbuf_2_0_0_sysclk_i/X (sky130_fd_sc_hd__clkbuf_2)
     9    0.02                           clknet_2_0_0_sysclk_i (net)
                  0.10    0.00    0.36 ^ _814_/CLK (sky130_fd_sc_hd__dfrtp_1)
                  0.10    0.34    0.70 ^ _814_/Q (sky130_fd_sc_hd__dfrtp_1)
     3    0.01                           inst_div32768.count_int[0] (net)
                  0.10    0.00    0.70 ^ _757_/A (sky130_fd_sc_hd__inv_2)
                  0.02    0.03    0.73 v _757_/Y (sky130_fd_sc_hd__inv_2)
     1    0.00                           _043_ (net)
                  0.02    0.00    0.73 v _814_/D (sky130_fd_sc_hd__dfrtp_1)
                                  0.73   data arrival time

                          0.00    0.00   clock sysclk_i (rise edge)
                          0.00    0.00   clock source latency
                  0.07    0.05    0.05 ^ sysclk_i (in)
     1    0.01                           sysclk_i (net)
                  0.07    0.00    0.05 ^ clkbuf_0_sysclk_i/A (sky130_fd_sc_hd__clkbuf_16)
                  0.03    0.13    0.18 ^ clkbuf_0_sysclk_i/X (sky130_fd_sc_hd__clkbuf_16)
     2    0.00                           clknet_0_sysclk_i (net)
                  0.03    0.00    0.18 ^ clkbuf_1_0_0_sysclk_i/A (sky130_fd_sc_hd__clkbuf_2)
                  0.04    0.10    0.29 ^ clkbuf_1_0_0_sysclk_i/X (sky130_fd_sc_hd__clkbuf_2)
     2    0.00                           clknet_1_0_0_sysclk_i (net)
                  0.04    0.00    0.29 ^ clkbuf_2_0_0_sysclk_i/A (sky130_fd_sc_hd__clkbuf_2)
                  0.10    0.16    0.44 ^ clkbuf_2_0_0_sysclk_i/X (sky130_fd_sc_hd__clkbuf_2)
     9    0.02                           clknet_2_0_0_sysclk_i (net)
                  0.10    0.00    0.44 ^ _814_/CLK (sky130_fd_sc_hd__dfrtp_1)
                          0.25    0.69   clock uncertainty
                         -0.08    0.61   clock reconvergence pessimism
                         -0.02    0.59   library hold time
                                  0.59   data required time
-----------------------------------------------------------------------------
                                  0.59   data required time
                                 -0.73   data arrival time
-----------------------------------------------------------------------------
                                  0.14   slack (MET)


Startpoint: _813_ (rising edge-triggered flip-flop clocked by sysclk_i)
Endpoint: _812_ (rising edge-triggered flip-flop clocked by sysclk_i)
Path Group: sysclk_i
Path Type: min

Fanout     Cap    Slew   Delay    Time   Description
-----------------------------------------------------------------------------
                          0.00    0.00   clock sysclk_i (rise edge)
                          0.00    0.00   clock source latency
                  0.07    0.04    0.04 ^ sysclk_i (in)
     1    0.01                           sysclk_i (net)
                  0.07    0.00    0.04 ^ clkbuf_0_sysclk_i/A (sky130_fd_sc_hd__clkbuf_16)
                  0.03    0.11    0.15 ^ clkbuf_0_sysclk_i/X (sky130_fd_sc_hd__clkbuf_16)
     2    0.00                           clknet_0_sysclk_i (net)
                  0.03    0.00    0.15 ^ clkbuf_1_1_0_sysclk_i/A (sky130_fd_sc_hd__clkbuf_2)
                  0.04    0.08    0.23 ^ clkbuf_1_1_0_sysclk_i/X (sky130_fd_sc_hd__clkbuf_2)
     2    0.00                           clknet_1_1_0_sysclk_i (net)
                  0.04    0.00    0.23 ^ clkbuf_2_2_0_sysclk_i/A (sky130_fd_sc_hd__clkbuf_2)
                  0.07    0.11    0.34 ^ clkbuf_2_2_0_sysclk_i/X (sky130_fd_sc_hd__clkbuf_2)
     6    0.01                           clknet_2_2_0_sysclk_i (net)
                  0.07    0.00    0.34 ^ _813_/CLK (sky130_fd_sc_hd__dfrtp_1)
                  0.08    0.32    0.66 ^ _813_/Q (sky130_fd_sc_hd__dfrtp_1)
     2    0.01                           past_smode (net)
                  0.08    0.00    0.66 ^ _785_/A (sky130_fd_sc_hd__inv_2)
                  0.02    0.03    0.69 v _785_/Y (sky130_fd_sc_hd__inv_2)
     1    0.00                           _385_ (net)
                  0.02    0.00    0.69 v _786_/B2 (sky130_fd_sc_hd__o32a_1)
                  0.04    0.12    0.81 v _786_/X (sky130_fd_sc_hd__o32a_1)
     1    0.00                           _000_ (net)
                  0.04    0.00    0.81 v _812_/D (sky130_fd_sc_hd__dfstp_4)
                                  0.81   data arrival time

                          0.00    0.00   clock sysclk_i (rise edge)
                          0.00    0.00   clock source latency
                  0.07    0.05    0.05 ^ sysclk_i (in)
     1    0.01                           sysclk_i (net)
                  0.07    0.00    0.05 ^ clkbuf_0_sysclk_i/A (sky130_fd_sc_hd__clkbuf_16)
                  0.03    0.13    0.18 ^ clkbuf_0_sysclk_i/X (sky130_fd_sc_hd__clkbuf_16)
     2    0.00                           clknet_0_sysclk_i (net)
                  0.03    0.00    0.18 ^ clkbuf_1_1_0_sysclk_i/A (sky130_fd_sc_hd__clkbuf_2)
                  0.04    0.10    0.29 ^ clkbuf_1_1_0_sysclk_i/X (sky130_fd_sc_hd__clkbuf_2)
     2    0.00                           clknet_1_1_0_sysclk_i (net)
                  0.04    0.00    0.29 ^ clkbuf_2_3_0_sysclk_i/A (sky130_fd_sc_hd__clkbuf_2)
                  0.09    0.15    0.43 ^ clkbuf_2_3_0_sysclk_i/X (sky130_fd_sc_hd__clkbuf_2)
     8    0.01                           clknet_2_3_0_sysclk_i (net)
                  0.09    0.00    0.43 ^ _812_/CLK (sky130_fd_sc_hd__dfstp_4)
                          0.25    0.68   clock uncertainty
                         -0.05    0.63   clock reconvergence pessimism
                          0.00    0.63   library hold time
                                  0.63   data required time
-----------------------------------------------------------------------------
                                  0.63   data required time
                                 -0.81   data arrival time
-----------------------------------------------------------------------------
                                  0.18   slack (MET)


Startpoint: _817_ (rising edge-triggered flip-flop clocked by sysclk_i)
Endpoint: _817_ (rising edge-triggered flip-flop clocked by sysclk_i)
Path Group: sysclk_i
Path Type: min

Fanout     Cap    Slew   Delay    Time   Description
-----------------------------------------------------------------------------
                          0.00    0.00   clock sysclk_i (rise edge)
                          0.00    0.00   clock source latency
                  0.07    0.04    0.04 ^ sysclk_i (in)
     1    0.01                           sysclk_i (net)
                  0.07    0.00    0.04 ^ clkbuf_0_sysclk_i/A (sky130_fd_sc_hd__clkbuf_16)
                  0.03    0.11    0.15 ^ clkbuf_0_sysclk_i/X (sky130_fd_sc_hd__clkbuf_16)
     2    0.00                           clknet_0_sysclk_i (net)
                  0.03    0.00    0.15 ^ clkbuf_1_0_0_sysclk_i/A (sky130_fd_sc_hd__clkbuf_2)
                  0.04    0.08    0.23 ^ clkbuf_1_0_0_sysclk_i/X (sky130_fd_sc_hd__clkbuf_2)
     2    0.00                           clknet_1_0_0_sysclk_i (net)
                  0.04    0.00    0.23 ^ clkbuf_2_1_0_sysclk_i/A (sky130_fd_sc_hd__clkbuf_2)
                  0.08    0.12    0.35 ^ clkbuf_2_1_0_sysclk_i/X (sky130_fd_sc_hd__clkbuf_2)
     7    0.01                           clknet_2_1_0_sysclk_i (net)
                  0.08    0.00    0.35 ^ _817_/CLK (sky130_fd_sc_hd__dfrtp_1)
                  0.06    0.30    0.65 ^ _817_/Q (sky130_fd_sc_hd__dfrtp_1)
     2    0.00                           inst_div32768.count_int[3] (net)
                  0.06    0.00    0.65 ^ _760_/B1 (sky130_fd_sc_hd__a21oi_1)
                  0.03    0.03    0.69 v _760_/Y (sky130_fd_sc_hd__a21oi_1)
     1    0.00                           _372_ (net)
                  0.03    0.00    0.69 v _761_/B (sky130_fd_sc_hd__nor2_1)
                  0.06    0.06    0.74 ^ _761_/Y (sky130_fd_sc_hd__nor2_1)
     1    0.00                           _051_ (net)
                  0.06    0.00    0.74 ^ _817_/D (sky130_fd_sc_hd__dfrtp_1)
                                  0.74   data arrival time

                          0.00    0.00   clock sysclk_i (rise edge)
                          0.00    0.00   clock source latency
                  0.07    0.05    0.05 ^ sysclk_i (in)
     1    0.01                           sysclk_i (net)
                  0.07    0.00    0.05 ^ clkbuf_0_sysclk_i/A (sky130_fd_sc_hd__clkbuf_16)
                  0.03    0.13    0.18 ^ clkbuf_0_sysclk_i/X (sky130_fd_sc_hd__clkbuf_16)
     2    0.00                           clknet_0_sysclk_i (net)
                  0.03    0.00    0.18 ^ clkbuf_1_0_0_sysclk_i/A (sky130_fd_sc_hd__clkbuf_2)
                  0.04    0.10    0.29 ^ clkbuf_1_0_0_sysclk_i/X (sky130_fd_sc_hd__clkbuf_2)
     2    0.00                           clknet_1_0_0_sysclk_i (net)
                  0.04    0.00    0.29 ^ clkbuf_2_1_0_sysclk_i/A (sky130_fd_sc_hd__clkbuf_2)
                  0.08    0.14    0.43 ^ clkbuf_2_1_0_sysclk_i/X (sky130_fd_sc_hd__clkbuf_2)
     7    0.01                           clknet_2_1_0_sysclk_i (net)
                  0.08    0.00    0.43 ^ _817_/CLK (sky130_fd_sc_hd__dfrtp_1)
                          0.25    0.68   clock uncertainty
                         -0.08    0.60   clock reconvergence pessimism
                         -0.03    0.56   library hold time
                                  0.56   data required time
-----------------------------------------------------------------------------
                                  0.56   data required time
                                 -0.74   data arrival time
-----------------------------------------------------------------------------
                                  0.18   slack (MET)


Startpoint: _828_ (rising edge-triggered flip-flop clocked by sysclk_i)
Endpoint: _828_ (rising edge-triggered flip-flop clocked by sysclk_i)
Path Group: sysclk_i
Path Type: min

Fanout     Cap    Slew   Delay    Time   Description
-----------------------------------------------------------------------------
                          0.00    0.00   clock sysclk_i (rise edge)
                          0.00    0.00   clock source latency
                  0.07    0.04    0.04 ^ sysclk_i (in)
     1    0.01                           sysclk_i (net)
                  0.07    0.00    0.04 ^ clkbuf_0_sysclk_i/A (sky130_fd_sc_hd__clkbuf_16)
                  0.03    0.11    0.15 ^ clkbuf_0_sysclk_i/X (sky130_fd_sc_hd__clkbuf_16)
     2    0.00                           clknet_0_sysclk_i (net)
                  0.03    0.00    0.15 ^ clkbuf_1_0_0_sysclk_i/A (sky130_fd_sc_hd__clkbuf_2)
                  0.04    0.08    0.23 ^ clkbuf_1_0_0_sysclk_i/X (sky130_fd_sc_hd__clkbuf_2)
     2    0.00                           clknet_1_0_0_sysclk_i (net)
                  0.04    0.00    0.23 ^ clkbuf_2_0_0_sysclk_i/A (sky130_fd_sc_hd__clkbuf_2)
                  0.10    0.13    0.36 ^ clkbuf_2_0_0_sysclk_i/X (sky130_fd_sc_hd__clkbuf_2)
     9    0.02                           clknet_2_0_0_sysclk_i (net)
                  0.10    0.00    0.36 ^ _828_/CLK (sky130_fd_sc_hd__dfrtp_1)
                  0.06    0.31    0.67 ^ _828_/Q (sky130_fd_sc_hd__dfrtp_1)
     2    0.00                           inst_div32768.count_int[14] (net)
                  0.06    0.00    0.67 ^ _784_/A1 (sky130_fd_sc_hd__o21a_1)
                  0.03    0.10    0.77 ^ _784_/X (sky130_fd_sc_hd__o21a_1)
     1    0.00                           _048_ (net)
                  0.03    0.00    0.77 ^ _828_/D (sky130_fd_sc_hd__dfrtp_1)
                                  0.77   data arrival time

                          0.00    0.00   clock sysclk_i (rise edge)
                          0.00    0.00   clock source latency
                  0.07    0.05    0.05 ^ sysclk_i (in)
     1    0.01                           sysclk_i (net)
                  0.07    0.00    0.05 ^ clkbuf_0_sysclk_i/A (sky130_fd_sc_hd__clkbuf_16)
                  0.03    0.13    0.18 ^ clkbuf_0_sysclk_i/X (sky130_fd_sc_hd__clkbuf_16)
     2    0.00                           clknet_0_sysclk_i (net)
                  0.03    0.00    0.18 ^ clkbuf_1_0_0_sysclk_i/A (sky130_fd_sc_hd__clkbuf_2)
                  0.04    0.10    0.29 ^ clkbuf_1_0_0_sysclk_i/X (sky130_fd_sc_hd__clkbuf_2)
     2    0.00                           clknet_1_0_0_sysclk_i (net)
                  0.04    0.00    0.29 ^ clkbuf_2_0_0_sysclk_i/A (sky130_fd_sc_hd__clkbuf_2)
                  0.10    0.16    0.44 ^ clkbuf_2_0_0_sysclk_i/X (sky130_fd_sc_hd__clkbuf_2)
     9    0.02                           clknet_2_0_0_sysclk_i (net)
                  0.10    0.00    0.44 ^ _828_/CLK (sky130_fd_sc_hd__dfrtp_1)
                          0.25    0.69   clock uncertainty
                         -0.08    0.61   clock reconvergence pessimism
                         -0.02    0.59   library hold time
                                  0.59   data required time
-----------------------------------------------------------------------------
                                  0.59   data required time
                                 -0.77   data arrival time
-----------------------------------------------------------------------------
                                  0.18   slack (MET)


Startpoint: _821_ (rising edge-triggered flip-flop clocked by sysclk_i)
Endpoint: _821_ (rising edge-triggered flip-flop clocked by sysclk_i)
Path Group: sysclk_i
Path Type: min

Fanout     Cap    Slew   Delay    Time   Description
-----------------------------------------------------------------------------
                          0.00    0.00   clock sysclk_i (rise edge)
                          0.00    0.00   clock source latency
                  0.07    0.04    0.04 ^ sysclk_i (in)
     1    0.01                           sysclk_i (net)
                  0.07    0.00    0.04 ^ clkbuf_0_sysclk_i/A (sky130_fd_sc_hd__clkbuf_16)
                  0.03    0.11    0.15 ^ clkbuf_0_sysclk_i/X (sky130_fd_sc_hd__clkbuf_16)
     2    0.00                           clknet_0_sysclk_i (net)
                  0.03    0.00    0.15 ^ clkbuf_1_0_0_sysclk_i/A (sky130_fd_sc_hd__clkbuf_2)
                  0.04    0.08    0.23 ^ clkbuf_1_0_0_sysclk_i/X (sky130_fd_sc_hd__clkbuf_2)
     2    0.00                           clknet_1_0_0_sysclk_i (net)
                  0.04    0.00    0.23 ^ clkbuf_2_1_0_sysclk_i/A (sky130_fd_sc_hd__clkbuf_2)
                  0.08    0.12    0.35 ^ clkbuf_2_1_0_sysclk_i/X (sky130_fd_sc_hd__clkbuf_2)
     7    0.01                           clknet_2_1_0_sysclk_i (net)
                  0.08    0.00    0.35 ^ _821_/CLK (sky130_fd_sc_hd__dfrtp_1)
                  0.06    0.31    0.66 ^ _821_/Q (sky130_fd_sc_hd__dfrtp_1)
     2    0.00                           inst_div32768.count_int[7] (net)
                  0.06    0.00    0.66 ^ _769_/A1 (sky130_fd_sc_hd__o21a_1)
                  0.03    0.10    0.76 ^ _769_/X (sky130_fd_sc_hd__o21a_1)
     1    0.00                           _055_ (net)
                  0.03    0.00    0.76 ^ _821_/D (sky130_fd_sc_hd__dfrtp_1)
                                  0.76   data arrival time

                          0.00    0.00   clock sysclk_i (rise edge)
                          0.00    0.00   clock source latency
                  0.07    0.05    0.05 ^ sysclk_i (in)
     1    0.01                           sysclk_i (net)
                  0.07    0.00    0.05 ^ clkbuf_0_sysclk_i/A (sky130_fd_sc_hd__clkbuf_16)
                  0.03    0.13    0.18 ^ clkbuf_0_sysclk_i/X (sky130_fd_sc_hd__clkbuf_16)
     2    0.00                           clknet_0_sysclk_i (net)
                  0.03    0.00    0.18 ^ clkbuf_1_0_0_sysclk_i/A (sky130_fd_sc_hd__clkbuf_2)
                  0.04    0.10    0.29 ^ clkbuf_1_0_0_sysclk_i/X (sky130_fd_sc_hd__clkbuf_2)
     2    0.00                           clknet_1_0_0_sysclk_i (net)
                  0.04    0.00    0.29 ^ clkbuf_2_1_0_sysclk_i/A (sky130_fd_sc_hd__clkbuf_2)
                  0.08    0.14    0.43 ^ clkbuf_2_1_0_sysclk_i/X (sky130_fd_sc_hd__clkbuf_2)
     7    0.01                           clknet_2_1_0_sysclk_i (net)
                  0.08    0.00    0.43 ^ _821_/CLK (sky130_fd_sc_hd__dfrtp_1)
                          0.25    0.68   clock uncertainty
                         -0.08    0.60   clock reconvergence pessimism
                         -0.03    0.57   library hold time
                                  0.57   data required time
-----------------------------------------------------------------------------
                                  0.57   data required time
                                 -0.76   data arrival time
-----------------------------------------------------------------------------
                                  0.19   slack (MET)


