Startpoint: _812_ (rising edge-triggered flip-flop clocked by sysclk_i)
Endpoint: _815_ (removal check against rising-edge clock sysclk_i)
Path Group: **async_default**
Path Type: min

Fanout     Cap    Slew   Delay    Time   Description
-----------------------------------------------------------------------------
                  0.15    0.00    0.00   clock sysclk_i (rise edge)
                          0.00    0.00   clock network delay (ideal)
                  0.15    0.00    0.00 ^ _812_/CLK (sky130_fd_sc_hd__dfstp_2)
                  0.18    0.62    0.62 v _812_/Q (sky130_fd_sc_hd__dfstp_2)
    13    0.08                           inst_count10m.rst_i (net)
                  0.18    0.00    0.62 v _405_/A (sky130_fd_sc_hd__inv_2)
                  0.07    0.10    0.72 ^ _405_/Y (sky130_fd_sc_hd__inv_2)
     4    0.01                           _159_ (net)
                  0.07    0.00    0.72 ^ _527_/A (sky130_fd_sc_hd__buf_1)
                  0.27    0.22    0.94 ^ _527_/X (sky130_fd_sc_hd__buf_1)
     5    0.02                           _232_ (net)
                  0.27    0.00    0.94 ^ _530_/A (sky130_fd_sc_hd__buf_1)
                  0.05    0.11    1.05 ^ _530_/X (sky130_fd_sc_hd__buf_1)
     1    0.00                           _234_ (net)
                  0.05    0.00    1.05 ^ _531_/A (sky130_fd_sc_hd__buf_1)
                  0.06    0.08    1.13 ^ _531_/X (sky130_fd_sc_hd__buf_1)
     1    0.00                           _097_ (net)
                  0.06    0.00    1.13 ^ _815_/RESET_B (sky130_fd_sc_hd__dfrtp_2)
                                  1.13   data arrival time

                  0.15    0.00    0.00   clock sysclk_i (rise edge)
                          0.00    0.00   clock network delay (ideal)
                          0.25    0.25   clock uncertainty
                          0.00    0.25   clock reconvergence pessimism
                                  0.25 ^ _815_/CLK (sky130_fd_sc_hd__dfrtp_2)
                          0.53    0.78   library removal time
                                  0.78   data required time
-----------------------------------------------------------------------------
                                  0.78   data required time
                                 -1.13   data arrival time
-----------------------------------------------------------------------------
                                  0.36   slack (MET)


Startpoint: _814_ (rising edge-triggered flip-flop clocked by sysclk_i)
Endpoint: _814_ (rising edge-triggered flip-flop clocked by sysclk_i)
Path Group: sysclk_i
Path Type: min

Fanout     Cap    Slew   Delay    Time   Description
-----------------------------------------------------------------------------
                  0.15    0.00    0.00   clock sysclk_i (rise edge)
                          0.00    0.00   clock network delay (ideal)
                  0.15    0.00    0.00 ^ _814_/CLK (sky130_fd_sc_hd__dfrtp_2)
                  0.08    0.52    0.52 ^ _814_/Q (sky130_fd_sc_hd__dfrtp_2)
     3    0.01                           inst_div32768.count_int[0] (net)
                  0.08    0.00    0.52 ^ _757_/A (sky130_fd_sc_hd__inv_2)
                  0.02    0.03    0.55 v _757_/Y (sky130_fd_sc_hd__inv_2)
     1    0.00                           _043_ (net)
                  0.02    0.00    0.55 v _814_/D (sky130_fd_sc_hd__dfrtp_2)
                                  0.55   data arrival time

                  0.15    0.00    0.00   clock sysclk_i (rise edge)
                          0.00    0.00   clock network delay (ideal)
                          0.25    0.25   clock uncertainty
                          0.00    0.25   clock reconvergence pessimism
                                  0.25 ^ _814_/CLK (sky130_fd_sc_hd__dfrtp_2)
                          0.12    0.37   library hold time
                                  0.37   data required time
-----------------------------------------------------------------------------
                                  0.37   data required time
                                 -0.55   data arrival time
-----------------------------------------------------------------------------
                                  0.18   slack (MET)


Startpoint: rst_i (input port clocked by sysclk_i)
Endpoint: _837_ (recovery check against rising-edge clock sysclk_i)
Path Group: **async_default**
Path Type: max

Fanout     Cap    Slew   Delay    Time   Description
-----------------------------------------------------------------------------
                  0.15    0.00    0.00   clock sysclk_i (rise edge)
                          0.00    0.00   clock network delay (ideal)
                          2.00    2.00 v input external delay
                  0.13    0.10    2.10 v rst_i (in)
     1    0.03                           rst_i (net)
                  0.13    0.00    2.10 v _445_/A (sky130_fd_sc_hd__inv_2)
                  0.17    0.20    2.30 ^ _445_/Y (sky130_fd_sc_hd__inv_2)
     2    0.04                           _191_ (net)
                  0.17    0.00    2.31 ^ _465_/A (sky130_fd_sc_hd__buf_1)
                  0.20    0.24    2.55 ^ _465_/X (sky130_fd_sc_hd__buf_1)
     5    0.02                           _201_ (net)
                  0.20    0.00    2.55 ^ _466_/A (sky130_fd_sc_hd__buf_1)
                  0.19    0.23    2.78 ^ _466_/X (sky130_fd_sc_hd__buf_1)
     5    0.02                           _202_ (net)
                  0.19    0.00    2.78 ^ _478_/A (sky130_fd_sc_hd__buf_1)
                  0.05    0.13    2.91 ^ _478_/X (sky130_fd_sc_hd__buf_1)
     1    0.00                           _208_ (net)
                  0.05    0.00    2.91 ^ _479_/A (sky130_fd_sc_hd__buf_1)
                  0.06    0.10    3.02 ^ _479_/X (sky130_fd_sc_hd__buf_1)
     1    0.00                           _119_ (net)
                  0.06    0.00    3.02 ^ _837_/RESET_B (sky130_fd_sc_hd__dfrtp_2)
                                  3.02   data arrival time

                  0.15   10.00   10.00   clock sysclk_i (rise edge)
                          0.00   10.00   clock network delay (ideal)
                         -0.25    9.75   clock uncertainty
                          0.00    9.75   clock reconvergence pessimism
                                  9.75 ^ _837_/CLK (sky130_fd_sc_hd__dfrtp_2)
                          0.44   10.19   library recovery time
                                 10.19   data required time
-----------------------------------------------------------------------------
                                 10.19   data required time
                                 -3.02   data arrival time
-----------------------------------------------------------------------------
                                  7.17   slack (MET)


Startpoint: _809_ (falling edge-triggered flip-flop)
Endpoint: segment_xhxx[2] (output port clocked by sysclk_i)
Path Group: sysclk_i
Path Type: max

Fanout     Cap    Slew   Delay    Time   Description
-----------------------------------------------------------------------------
                  0.03    0.00    0.00 v _809_/CLK_N (sky130_fd_sc_hd__dfbbn_2)
                  0.07    0.70    0.70 v _809_/Q (sky130_fd_sc_hd__dfbbn_2)
     6    0.02                           inst_count24h.count_int[2] (net)
                  0.07    0.00    0.70 v _616_/A (sky130_fd_sc_hd__inv_2)
                  0.04    0.07    0.77 ^ _616_/Y (sky130_fd_sc_hd__inv_2)
     3    0.01                           _277_ (net)
                  0.04    0.00    0.77 ^ _617_/A (sky130_fd_sc_hd__or2_2)
                  0.03    0.10    0.87 ^ _617_/X (sky130_fd_sc_hd__or2_2)
     1    0.00                           _278_ (net)
                  0.03    0.00    0.87 ^ _618_/A (sky130_fd_sc_hd__buf_1)
                  0.16    0.17    1.04 ^ _618_/X (sky130_fd_sc_hd__buf_1)
     3    0.01                           _024_ (net)
                  0.16    0.00    1.04 ^ _619_/A (sky130_fd_sc_hd__inv_2)
                  0.03    0.04    1.07 v _619_/Y (sky130_fd_sc_hd__inv_2)
     1    0.00                           _023_ (net)
                  0.03    0.00    1.07 v _794_/A0 (sky130_fd_sc_hd__mux2_1)
                  0.06    0.31    1.39 v _794_/X (sky130_fd_sc_hd__mux2_1)
     1    0.00                           _031_ (net)
                  0.06    0.00    1.39 v _627_/A (sky130_fd_sc_hd__nor3b_2)
                  0.18    0.24    1.63 ^ _627_/Y (sky130_fd_sc_hd__nor3b_2)
     2    0.01                           _283_ (net)
                  0.18    0.00    1.63 ^ _628_/A (sky130_fd_sc_hd__or2b_2)
                  0.03    0.15    1.78 ^ _628_/X (sky130_fd_sc_hd__or2b_2)
     1    0.00                           _284_ (net)
                  0.03    0.00    1.78 ^ _629_/A (sky130_fd_sc_hd__buf_1)
                  0.10    0.12    1.90 ^ _629_/X (sky130_fd_sc_hd__buf_1)
     2    0.01                           _032_ (net)
                  0.10    0.00    1.90 ^ _795_/A0 (sky130_fd_sc_hd__mux2_1)
                  0.10    0.20    2.10 ^ _795_/X (sky130_fd_sc_hd__mux2_1)
     4    0.01                           _034_ (net)
                  0.10    0.00    2.10 ^ _645_/B (sky130_fd_sc_hd__or2_2)
                  0.04    0.13    2.24 ^ _645_/X (sky130_fd_sc_hd__or2_2)
     2    0.00                           _297_ (net)
                  0.04    0.00    2.24 ^ _646_/A (sky130_fd_sc_hd__buf_1)
                  0.22    0.22    2.45 ^ _646_/X (sky130_fd_sc_hd__buf_1)
     5    0.02                           _298_ (net)
                  0.22    0.00    2.45 ^ _662_/A (sky130_fd_sc_hd__inv_2)
                  0.05    0.07    2.53 v _662_/Y (sky130_fd_sc_hd__inv_2)
     3    0.01                           _313_ (net)
                  0.05    0.00    2.53 v _664_/A3 (sky130_fd_sc_hd__a31o_2)
                  0.04    0.27    2.80 v _664_/X (sky130_fd_sc_hd__a31o_2)
     2    0.01                           _315_ (net)
                  0.04    0.00    2.80 v _670_/A (sky130_fd_sc_hd__or3b_2)
                  0.10    0.54    3.34 v _670_/X (sky130_fd_sc_hd__or3b_2)
     3    0.01                           _320_ (net)
                  0.10    0.00    3.34 v _671_/B (sky130_fd_sc_hd__or3b_2)
                  0.25    0.73    4.07 v _671_/X (sky130_fd_sc_hd__or3b_2)
     1    0.07                           _321_ (net)
                  0.25    0.02    4.09 v _672_/A (sky130_fd_sc_hd__buf_1)
                  0.22    0.34    4.43 v _672_/X (sky130_fd_sc_hd__buf_1)
     1    0.03                           segment_xhxx[2] (net)
                  0.22    0.00    4.43 v segment_xhxx[2] (out)
                                  4.43   data arrival time

                  0.15   10.00   10.00   clock sysclk_i (rise edge)
                          0.00   10.00   clock network delay (ideal)
                         -0.25    9.75   clock uncertainty
                          0.00    9.75   clock reconvergence pessimism
                         -2.00    7.75   output external delay
                                  7.75   data required time
-----------------------------------------------------------------------------
                                  7.75   data required time
                                 -4.43   data arrival time
-----------------------------------------------------------------------------
                                  3.32   slack (MET)


