
===========================================================================
report_checks -path_delay max (Setup)
============================================================================
Startpoint: rst_i (input port clocked by sysclk_i)
Endpoint: _836_ (recovery check against rising-edge clock sysclk_i)
Path Group: **async_default**
Path Type: max

Fanout     Cap    Slew   Delay    Time   Description
-----------------------------------------------------------------------------
                  0.15    0.00    0.00   clock sysclk_i (rise edge)
                          0.00    0.00   clock network delay (ideal)
                          2.00    2.00 v input external delay
                  0.01    0.01    2.01 v rst_i (in)
     1    0.00                           rst_i (net)
                  0.01    0.00    2.01 v input14/A (sky130_fd_sc_hd__buf_2)
                  0.03    0.12    2.12 v input14/X (sky130_fd_sc_hd__buf_2)
     1    0.00                           net14 (net)
                  0.03    0.00    2.12 v _445_/A (sky130_fd_sc_hd__inv_2)
                  0.02    0.04    2.16 ^ _445_/Y (sky130_fd_sc_hd__inv_2)
     2    0.00                           _191_ (net)
                  0.02    0.00    2.16 ^ _465_/A (sky130_fd_sc_hd__dlymetal6s2s_1)
                  0.13    0.15    2.31 ^ _465_/X (sky130_fd_sc_hd__dlymetal6s2s_1)
     5    0.01                           _201_ (net)
                  0.13    0.00    2.31 ^ _466_/A (sky130_fd_sc_hd__dlymetal6s2s_1)
                  0.14    0.20    2.51 ^ _466_/X (sky130_fd_sc_hd__dlymetal6s2s_1)
     5    0.01                           _202_ (net)
                  0.14    0.00    2.51 ^ _481_/A (sky130_fd_sc_hd__clkbuf_1)
                  0.04    0.11    2.62 ^ _481_/X (sky130_fd_sc_hd__clkbuf_1)
     1    0.00                           _209_ (net)
                  0.04    0.00    2.62 ^ _482_/A (sky130_fd_sc_hd__clkbuf_1)
                  0.06    0.09    2.71 ^ _482_/X (sky130_fd_sc_hd__clkbuf_1)
     1    0.00                           _118_ (net)
                  0.06    0.00    2.71 ^ _836_/RESET_B (sky130_fd_sc_hd__dfrtp_1)
                                  2.71   data arrival time

                  0.15   10.00   10.00   clock sysclk_i (rise edge)
                          0.00   10.00   clock network delay (ideal)
                         -0.25    9.75   clock uncertainty
                          0.00    9.75   clock reconvergence pessimism
                                  9.75 ^ _836_/CLK (sky130_fd_sc_hd__dfrtp_1)
                          0.26   10.01   library recovery time
                                 10.01   data required time
-----------------------------------------------------------------------------
                                 10.01   data required time
                                 -2.71   data arrival time
-----------------------------------------------------------------------------
                                  7.30   slack (MET)


Startpoint: rst_i (input port clocked by sysclk_i)
Endpoint: _837_ (recovery check against rising-edge clock sysclk_i)
Path Group: **async_default**
Path Type: max

Fanout     Cap    Slew   Delay    Time   Description
-----------------------------------------------------------------------------
                  0.15    0.00    0.00   clock sysclk_i (rise edge)
                          0.00    0.00   clock network delay (ideal)
                          2.00    2.00 v input external delay
                  0.01    0.01    2.01 v rst_i (in)
     1    0.00                           rst_i (net)
                  0.01    0.00    2.01 v input14/A (sky130_fd_sc_hd__buf_2)
                  0.03    0.12    2.12 v input14/X (sky130_fd_sc_hd__buf_2)
     1    0.00                           net14 (net)
                  0.03    0.00    2.12 v _445_/A (sky130_fd_sc_hd__inv_2)
                  0.02    0.04    2.16 ^ _445_/Y (sky130_fd_sc_hd__inv_2)
     2    0.00                           _191_ (net)
                  0.02    0.00    2.16 ^ _465_/A (sky130_fd_sc_hd__dlymetal6s2s_1)
                  0.13    0.15    2.31 ^ _465_/X (sky130_fd_sc_hd__dlymetal6s2s_1)
     5    0.01                           _201_ (net)
                  0.13    0.00    2.31 ^ _466_/A (sky130_fd_sc_hd__dlymetal6s2s_1)
                  0.14    0.20    2.51 ^ _466_/X (sky130_fd_sc_hd__dlymetal6s2s_1)
     5    0.01                           _202_ (net)
                  0.14    0.00    2.51 ^ _478_/A (sky130_fd_sc_hd__clkbuf_1)
                  0.04    0.11    2.62 ^ _478_/X (sky130_fd_sc_hd__clkbuf_1)
     1    0.00                           _208_ (net)
                  0.04    0.00    2.62 ^ _479_/A (sky130_fd_sc_hd__clkbuf_1)
                  0.06    0.09    2.71 ^ _479_/X (sky130_fd_sc_hd__clkbuf_1)
     1    0.00                           _119_ (net)
                  0.06    0.00    2.71 ^ _837_/RESET_B (sky130_fd_sc_hd__dfrtp_1)
                                  2.71   data arrival time

                  0.15   10.00   10.00   clock sysclk_i (rise edge)
                          0.00   10.00   clock network delay (ideal)
                         -0.25    9.75   clock uncertainty
                          0.00    9.75   clock reconvergence pessimism
                                  9.75 ^ _837_/CLK (sky130_fd_sc_hd__dfrtp_1)
                          0.26   10.01   library recovery time
                                 10.01   data required time
-----------------------------------------------------------------------------
                                 10.01   data required time
                                 -2.71   data arrival time
-----------------------------------------------------------------------------
                                  7.30   slack (MET)


Startpoint: rst_i (input port clocked by sysclk_i)
Endpoint: _838_ (recovery check against rising-edge clock sysclk_i)
Path Group: **async_default**
Path Type: max

Fanout     Cap    Slew   Delay    Time   Description
-----------------------------------------------------------------------------
                  0.15    0.00    0.00   clock sysclk_i (rise edge)
                          0.00    0.00   clock network delay (ideal)
                          2.00    2.00 v input external delay
                  0.01    0.01    2.01 v rst_i (in)
     1    0.00                           rst_i (net)
                  0.01    0.00    2.01 v input14/A (sky130_fd_sc_hd__buf_2)
                  0.03    0.12    2.12 v input14/X (sky130_fd_sc_hd__buf_2)
     1    0.00                           net14 (net)
                  0.03    0.00    2.12 v _445_/A (sky130_fd_sc_hd__inv_2)
                  0.02    0.04    2.16 ^ _445_/Y (sky130_fd_sc_hd__inv_2)
     2    0.00                           _191_ (net)
                  0.02    0.00    2.16 ^ _465_/A (sky130_fd_sc_hd__dlymetal6s2s_1)
                  0.13    0.15    2.31 ^ _465_/X (sky130_fd_sc_hd__dlymetal6s2s_1)
     5    0.01                           _201_ (net)
                  0.13    0.00    2.31 ^ _466_/A (sky130_fd_sc_hd__dlymetal6s2s_1)
                  0.14    0.20    2.51 ^ _466_/X (sky130_fd_sc_hd__dlymetal6s2s_1)
     5    0.01                           _202_ (net)
                  0.14    0.00    2.51 ^ _475_/A (sky130_fd_sc_hd__clkbuf_1)
                  0.04    0.11    2.62 ^ _475_/X (sky130_fd_sc_hd__clkbuf_1)
     1    0.00                           _207_ (net)
                  0.04    0.00    2.62 ^ _476_/A (sky130_fd_sc_hd__clkbuf_1)
                  0.06    0.09    2.71 ^ _476_/X (sky130_fd_sc_hd__clkbuf_1)
     1    0.00                           _120_ (net)
                  0.06    0.00    2.71 ^ _838_/RESET_B (sky130_fd_sc_hd__dfrtp_1)
                                  2.71   data arrival time

                  0.15   10.00   10.00   clock sysclk_i (rise edge)
                          0.00   10.00   clock network delay (ideal)
                         -0.25    9.75   clock uncertainty
                          0.00    9.75   clock reconvergence pessimism
                                  9.75 ^ _838_/CLK (sky130_fd_sc_hd__dfrtp_1)
                          0.26   10.01   library recovery time
                                 10.01   data required time
-----------------------------------------------------------------------------
                                 10.01   data required time
                                 -2.71   data arrival time
-----------------------------------------------------------------------------
                                  7.30   slack (MET)


Startpoint: rst_i (input port clocked by sysclk_i)
Endpoint: _839_ (recovery check against rising-edge clock sysclk_i)
Path Group: **async_default**
Path Type: max

Fanout     Cap    Slew   Delay    Time   Description
-----------------------------------------------------------------------------
                  0.15    0.00    0.00   clock sysclk_i (rise edge)
                          0.00    0.00   clock network delay (ideal)
                          2.00    2.00 v input external delay
                  0.01    0.01    2.01 v rst_i (in)
     1    0.00                           rst_i (net)
                  0.01    0.00    2.01 v input14/A (sky130_fd_sc_hd__buf_2)
                  0.03    0.12    2.12 v input14/X (sky130_fd_sc_hd__buf_2)
     1    0.00                           net14 (net)
                  0.03    0.00    2.12 v _445_/A (sky130_fd_sc_hd__inv_2)
                  0.02    0.04    2.16 ^ _445_/Y (sky130_fd_sc_hd__inv_2)
     2    0.00                           _191_ (net)
                  0.02    0.00    2.16 ^ _465_/A (sky130_fd_sc_hd__dlymetal6s2s_1)
                  0.13    0.15    2.31 ^ _465_/X (sky130_fd_sc_hd__dlymetal6s2s_1)
     5    0.01                           _201_ (net)
                  0.13    0.00    2.31 ^ _466_/A (sky130_fd_sc_hd__dlymetal6s2s_1)
                  0.14    0.20    2.51 ^ _466_/X (sky130_fd_sc_hd__dlymetal6s2s_1)
     5    0.01                           _202_ (net)
                  0.14    0.00    2.51 ^ _472_/A (sky130_fd_sc_hd__clkbuf_1)
                  0.04    0.11    2.62 ^ _472_/X (sky130_fd_sc_hd__clkbuf_1)
     1    0.00                           _206_ (net)
                  0.04    0.00    2.62 ^ _473_/A (sky130_fd_sc_hd__clkbuf_1)
                  0.06    0.09    2.71 ^ _473_/X (sky130_fd_sc_hd__clkbuf_1)
     1    0.00                           _121_ (net)
                  0.06    0.00    2.71 ^ _839_/RESET_B (sky130_fd_sc_hd__dfrtp_1)
                                  2.71   data arrival time

                  0.15   10.00   10.00   clock sysclk_i (rise edge)
                          0.00   10.00   clock network delay (ideal)
                         -0.25    9.75   clock uncertainty
                          0.00    9.75   clock reconvergence pessimism
                                  9.75 ^ _839_/CLK (sky130_fd_sc_hd__dfrtp_1)
                          0.26   10.01   library recovery time
                                 10.01   data required time
-----------------------------------------------------------------------------
                                 10.01   data required time
                                 -2.71   data arrival time
-----------------------------------------------------------------------------
                                  7.30   slack (MET)


Startpoint: rst_i (input port clocked by sysclk_i)
Endpoint: _840_ (recovery check against rising-edge clock sysclk_i)
Path Group: **async_default**
Path Type: max

Fanout     Cap    Slew   Delay    Time   Description
-----------------------------------------------------------------------------
                  0.15    0.00    0.00   clock sysclk_i (rise edge)
                          0.00    0.00   clock network delay (ideal)
                          2.00    2.00 v input external delay
                  0.01    0.01    2.01 v rst_i (in)
     1    0.00                           rst_i (net)
                  0.01    0.00    2.01 v input14/A (sky130_fd_sc_hd__buf_2)
                  0.03    0.12    2.12 v input14/X (sky130_fd_sc_hd__buf_2)
     1    0.00                           net14 (net)
                  0.03    0.00    2.12 v _445_/A (sky130_fd_sc_hd__inv_2)
                  0.02    0.04    2.16 ^ _445_/Y (sky130_fd_sc_hd__inv_2)
     2    0.00                           _191_ (net)
                  0.02    0.00    2.16 ^ _465_/A (sky130_fd_sc_hd__dlymetal6s2s_1)
                  0.13    0.15    2.31 ^ _465_/X (sky130_fd_sc_hd__dlymetal6s2s_1)
     5    0.01                           _201_ (net)
                  0.13    0.00    2.31 ^ _466_/A (sky130_fd_sc_hd__dlymetal6s2s_1)
                  0.14    0.20    2.51 ^ _466_/X (sky130_fd_sc_hd__dlymetal6s2s_1)
     5    0.01                           _202_ (net)
                  0.14    0.00    2.51 ^ _467_/A (sky130_fd_sc_hd__clkbuf_1)
                  0.04    0.11    2.62 ^ _467_/X (sky130_fd_sc_hd__clkbuf_1)
     1    0.00                           _203_ (net)
                  0.04    0.00    2.62 ^ _468_/A (sky130_fd_sc_hd__clkbuf_1)
                  0.06    0.09    2.71 ^ _468_/X (sky130_fd_sc_hd__clkbuf_1)
     1    0.00                           _122_ (net)
                  0.06    0.00    2.71 ^ _840_/RESET_B (sky130_fd_sc_hd__dfrtp_1)
                                  2.71   data arrival time

                  0.15   10.00   10.00   clock sysclk_i (rise edge)
                          0.00   10.00   clock network delay (ideal)
                         -0.25    9.75   clock uncertainty
                          0.00    9.75   clock reconvergence pessimism
                                  9.75 ^ _840_/CLK (sky130_fd_sc_hd__dfrtp_1)
                          0.26   10.01   library recovery time
                                 10.01   data required time
-----------------------------------------------------------------------------
                                 10.01   data required time
                                 -2.71   data arrival time
-----------------------------------------------------------------------------
                                  7.30   slack (MET)


Startpoint: _809_ (falling edge-triggered flip-flop)
Endpoint: segment_xhxx[3] (output port clocked by sysclk_i)
Path Group: sysclk_i
Path Type: max

Fanout     Cap    Slew   Delay    Time   Description
-----------------------------------------------------------------------------
                  0.02    0.00    0.00 v _809_/CLK_N (sky130_fd_sc_hd__dfbbn_2)
                  0.07    0.70    0.70 v _809_/Q (sky130_fd_sc_hd__dfbbn_2)
     6    0.03                           inst_count24h.count_int[2] (net)
                  0.07    0.00    0.70 v _616_/A (sky130_fd_sc_hd__inv_2)
                  0.04    0.06    0.77 ^ _616_/Y (sky130_fd_sc_hd__inv_2)
     3    0.00                           _277_ (net)
                  0.04    0.00    0.77 ^ _617_/A (sky130_fd_sc_hd__or2_1)
                  0.04    0.09    0.86 ^ _617_/X (sky130_fd_sc_hd__or2_1)
     1    0.00                           _278_ (net)
                  0.04    0.00    0.86 ^ _618_/A (sky130_fd_sc_hd__clkbuf_1)
                  0.13    0.15    1.00 ^ _618_/X (sky130_fd_sc_hd__clkbuf_1)
     3    0.01                           _024_ (net)
                  0.13    0.00    1.00 ^ _619_/A (sky130_fd_sc_hd__clkinv_2)
                  0.03    0.06    1.06 v _619_/Y (sky130_fd_sc_hd__clkinv_2)
     1    0.00                           _023_ (net)
                  0.03    0.00    1.06 v _794_/A0 (sky130_fd_sc_hd__mux2_1)
                  0.05    0.29    1.35 v _794_/X (sky130_fd_sc_hd__mux2_1)
     1    0.00                           _031_ (net)
                  0.05    0.00    1.35 v _627_/A (sky130_fd_sc_hd__nor3b_1)
                  0.20    0.24    1.60 ^ _627_/Y (sky130_fd_sc_hd__nor3b_1)
     2    0.00                           _283_ (net)
                  0.20    0.00    1.60 ^ _628_/A (sky130_fd_sc_hd__or2b_1)
                  0.04    0.14    1.73 ^ _628_/X (sky130_fd_sc_hd__or2b_1)
     1    0.00                           _284_ (net)
                  0.04    0.00    1.73 ^ _629_/A (sky130_fd_sc_hd__clkbuf_1)
                  0.09    0.12    1.85 ^ _629_/X (sky130_fd_sc_hd__clkbuf_1)
     2    0.01                           _032_ (net)
                  0.09    0.00    1.85 ^ _638_/A (sky130_fd_sc_hd__clkinv_2)
                  0.03    0.05    1.90 v _638_/Y (sky130_fd_sc_hd__clkinv_2)
     1    0.00                           _040_ (net)
                  0.03    0.00    1.90 v _798_/A0 (sky130_fd_sc_hd__mux2_1)
                  0.10    0.36    2.26 v _798_/X (sky130_fd_sc_hd__mux2_1)
     4    0.01                           _041_ (net)
                  0.10    0.00    2.26 v _648_/B2 (sky130_fd_sc_hd__o22a_1)
                  0.06    0.21    2.47 v _648_/X (sky130_fd_sc_hd__o22a_1)
     3    0.01                           _300_ (net)
                  0.06    0.00    2.47 v _654_/B (sky130_fd_sc_hd__or2_1)
                  0.06    0.24    2.71 v _654_/X (sky130_fd_sc_hd__or2_1)
     2    0.00                           _305_ (net)
                  0.06    0.00    2.71 v _655_/C1 (sky130_fd_sc_hd__o311a_1)
                  0.06    0.13    2.84 v _655_/X (sky130_fd_sc_hd__o311a_1)
     1    0.00                           _306_ (net)
                  0.06    0.00    2.84 v _656_/A (sky130_fd_sc_hd__inv_2)
                  0.03    0.06    2.89 ^ _656_/Y (sky130_fd_sc_hd__inv_2)
     2    0.00                           _307_ (net)
                  0.03    0.00    2.89 ^ _659_/A (sky130_fd_sc_hd__or2_1)
                  0.10    0.14    3.03 ^ _659_/X (sky130_fd_sc_hd__or2_1)
     3    0.01                           _310_ (net)
                  0.10    0.00    3.03 ^ _674_/A (sky130_fd_sc_hd__nor2_1)
                  0.03    0.06    3.09 v _674_/Y (sky130_fd_sc_hd__nor2_1)
     1    0.00                           _323_ (net)
                  0.03    0.00    3.09 v _675_/D (sky130_fd_sc_hd__or4_4)
                  0.08    0.43    3.52 v _675_/X (sky130_fd_sc_hd__or4_4)
     1    0.00                           _324_ (net)
                  0.08    0.00    3.52 v _676_/A (sky130_fd_sc_hd__buf_2)
                  0.09    0.21    3.73 v _676_/X (sky130_fd_sc_hd__buf_2)
     1    0.03                           segment_xhxx[3] (net)
                  0.09    0.00    3.73 v segment_xhxx[3] (out)
                                  3.73   data arrival time

                  0.15   10.00   10.00   clock sysclk_i (rise edge)
                          0.00   10.00   clock network delay (ideal)
                         -0.25    9.75   clock uncertainty
                          0.00    9.75   clock reconvergence pessimism
                         -2.00    7.75   output external delay
                                  7.75   data required time
-----------------------------------------------------------------------------
                                  7.75   data required time
                                 -3.73   data arrival time
-----------------------------------------------------------------------------
                                  4.02   slack (MET)


Startpoint: _809_ (falling edge-triggered flip-flop)
Endpoint: segment_xhxx[2] (output port clocked by sysclk_i)
Path Group: sysclk_i
Path Type: max

Fanout     Cap    Slew   Delay    Time   Description
-----------------------------------------------------------------------------
                  0.02    0.00    0.00 v _809_/CLK_N (sky130_fd_sc_hd__dfbbn_2)
                  0.07    0.70    0.70 v _809_/Q (sky130_fd_sc_hd__dfbbn_2)
     6    0.03                           inst_count24h.count_int[2] (net)
                  0.07    0.00    0.70 v _616_/A (sky130_fd_sc_hd__inv_2)
                  0.04    0.06    0.77 ^ _616_/Y (sky130_fd_sc_hd__inv_2)
     3    0.00                           _277_ (net)
                  0.04    0.00    0.77 ^ _617_/A (sky130_fd_sc_hd__or2_1)
                  0.04    0.09    0.86 ^ _617_/X (sky130_fd_sc_hd__or2_1)
     1    0.00                           _278_ (net)
                  0.04    0.00    0.86 ^ _618_/A (sky130_fd_sc_hd__clkbuf_1)
                  0.13    0.15    1.00 ^ _618_/X (sky130_fd_sc_hd__clkbuf_1)
     3    0.01                           _024_ (net)
                  0.13    0.00    1.00 ^ _619_/A (sky130_fd_sc_hd__clkinv_2)
                  0.03    0.06    1.06 v _619_/Y (sky130_fd_sc_hd__clkinv_2)
     1    0.00                           _023_ (net)
                  0.03    0.00    1.06 v _794_/A0 (sky130_fd_sc_hd__mux2_1)
                  0.05    0.29    1.35 v _794_/X (sky130_fd_sc_hd__mux2_1)
     1    0.00                           _031_ (net)
                  0.05    0.00    1.35 v _627_/A (sky130_fd_sc_hd__nor3b_1)
                  0.20    0.24    1.60 ^ _627_/Y (sky130_fd_sc_hd__nor3b_1)
     2    0.00                           _283_ (net)
                  0.20    0.00    1.60 ^ _628_/A (sky130_fd_sc_hd__or2b_1)
                  0.04    0.14    1.73 ^ _628_/X (sky130_fd_sc_hd__or2b_1)
     1    0.00                           _284_ (net)
                  0.04    0.00    1.73 ^ _629_/A (sky130_fd_sc_hd__clkbuf_1)
                  0.09    0.12    1.85 ^ _629_/X (sky130_fd_sc_hd__clkbuf_1)
     2    0.01                           _032_ (net)
                  0.09    0.00    1.85 ^ _795_/A0 (sky130_fd_sc_hd__mux2_1)
                  0.11    0.20    2.06 ^ _795_/X (sky130_fd_sc_hd__mux2_1)
     4    0.01                           _034_ (net)
                  0.11    0.00    2.06 ^ _645_/B (sky130_fd_sc_hd__or2_1)
                  0.05    0.13    2.18 ^ _645_/X (sky130_fd_sc_hd__or2_1)
     2    0.00                           _297_ (net)
                  0.05    0.00    2.18 ^ _646_/A (sky130_fd_sc_hd__clkbuf_2)
                  0.10    0.16    2.34 ^ _646_/X (sky130_fd_sc_hd__clkbuf_2)
     5    0.02                           _298_ (net)
                  0.10    0.00    2.34 ^ _662_/A (sky130_fd_sc_hd__inv_2)
                  0.04    0.06    2.40 v _662_/Y (sky130_fd_sc_hd__inv_2)
     3    0.01                           _313_ (net)
                  0.04    0.00    2.40 v _668_/A3 (sky130_fd_sc_hd__a31o_1)
                  0.06    0.26    2.66 v _668_/X (sky130_fd_sc_hd__a31o_1)
     3    0.01                           _318_ (net)
                  0.06    0.00    2.66 v _670_/B (sky130_fd_sc_hd__or3b_1)
                  0.10    0.43    3.09 v _670_/X (sky130_fd_sc_hd__or3b_1)
     3    0.01                           _320_ (net)
                  0.10    0.00    3.09 v _671_/B (sky130_fd_sc_hd__or3b_4)
                  0.06    0.41    3.50 v _671_/X (sky130_fd_sc_hd__or3b_4)
     1    0.00                           _321_ (net)
                  0.06    0.00    3.50 v _672_/A (sky130_fd_sc_hd__buf_2)
                  0.09    0.20    3.70 v _672_/X (sky130_fd_sc_hd__buf_2)
     1    0.03                           segment_xhxx[2] (net)
                  0.09    0.00    3.70 v segment_xhxx[2] (out)
                                  3.70   data arrival time

                  0.15   10.00   10.00   clock sysclk_i (rise edge)
                          0.00   10.00   clock network delay (ideal)
                         -0.25    9.75   clock uncertainty
                          0.00    9.75   clock reconvergence pessimism
                         -2.00    7.75   output external delay
                                  7.75   data required time
-----------------------------------------------------------------------------
                                  7.75   data required time
                                 -3.70   data arrival time
-----------------------------------------------------------------------------
                                  4.05   slack (MET)


Startpoint: _810_ (falling edge-triggered flip-flop)
Endpoint: segment_xhxx[1] (output port clocked by sysclk_i)
Path Group: sysclk_i
Path Type: max

Fanout     Cap    Slew   Delay    Time   Description
-----------------------------------------------------------------------------
                  0.02    0.00    0.00 v _810_/CLK_N (sky130_fd_sc_hd__dfbbn_2)
                  0.19    0.70    0.70 ^ _810_/Q (sky130_fd_sc_hd__dfbbn_2)
     8    0.04                           inst_count24h.count_int[3] (net)
                  0.19    0.00    0.70 ^ _632_/A (sky130_fd_sc_hd__inv_2)
                  0.04    0.06    0.76 v _632_/Y (sky130_fd_sc_hd__inv_2)
     3    0.01                           _287_ (net)
                  0.04    0.00    0.76 v _633_/A (sky130_fd_sc_hd__or3_1)
                  0.06    0.39    1.15 v _633_/X (sky130_fd_sc_hd__or3_1)
     1    0.00                           _288_ (net)
                  0.06    0.00    1.15 v _634_/A3 (sky130_fd_sc_hd__o32a_1)
                  0.06    0.32    1.47 v _634_/X (sky130_fd_sc_hd__o32a_1)
     1    0.00                           _289_ (net)
                  0.06    0.00    1.47 v _635_/A (sky130_fd_sc_hd__inv_2)
                  0.07    0.09    1.56 ^ _635_/Y (sky130_fd_sc_hd__inv_2)
     4    0.01                           _033_ (net)
                  0.07    0.00    1.56 ^ _797_/S (sky130_fd_sc_hd__mux2_2)
                  0.08    0.41    1.97 v _797_/X (sky130_fd_sc_hd__mux2_2)
     5    0.01                           _038_ (net)
                  0.08    0.00    1.97 v _640_/A (sky130_fd_sc_hd__inv_2)
                  0.03    0.06    2.03 ^ _640_/Y (sky130_fd_sc_hd__inv_2)
     2    0.00                           _292_ (net)
                  0.03    0.00    2.03 ^ _641_/A (sky130_fd_sc_hd__clkbuf_1)
                  0.12    0.14    2.17 ^ _641_/X (sky130_fd_sc_hd__clkbuf_1)
     5    0.01                           _293_ (net)
                  0.12    0.00    2.17 ^ _642_/B (sky130_fd_sc_hd__or2_1)
                  0.05    0.13    2.30 ^ _642_/X (sky130_fd_sc_hd__or2_1)
     2    0.00                           _294_ (net)
                  0.05    0.00    2.30 ^ _643_/A (sky130_fd_sc_hd__dlymetal6s2s_1)
                  0.17    0.19    2.49 ^ _643_/X (sky130_fd_sc_hd__dlymetal6s2s_1)
     5    0.01                           _295_ (net)
                  0.17    0.00    2.49 ^ _657_/B1 (sky130_fd_sc_hd__o32a_1)
                  0.06    0.20    2.69 ^ _657_/X (sky130_fd_sc_hd__o32a_1)
     2    0.00                           _308_ (net)
                  0.06    0.00    2.69 ^ _658_/B1 (sky130_fd_sc_hd__o21ai_1)
                  0.08    0.10    2.79 v _658_/Y (sky130_fd_sc_hd__o21ai_1)
     3    0.01                           _309_ (net)
                  0.08    0.00    2.79 v _659_/B (sky130_fd_sc_hd__or2_1)
                  0.08    0.27    3.06 v _659_/X (sky130_fd_sc_hd__or2_1)
     3    0.01                           _310_ (net)
                  0.08    0.00    3.06 v _666_/A (sky130_fd_sc_hd__or2_4)
                  0.04    0.27    3.33 v _666_/X (sky130_fd_sc_hd__or2_4)
     1    0.00                           _317_ (net)
                  0.04    0.00    3.33 v _667_/A (sky130_fd_sc_hd__buf_2)
                  0.09    0.20    3.53 v _667_/X (sky130_fd_sc_hd__buf_2)
     1    0.03                           segment_xhxx[1] (net)
                  0.09    0.00    3.53 v segment_xhxx[1] (out)
                                  3.53   data arrival time

                  0.15   10.00   10.00   clock sysclk_i (rise edge)
                          0.00   10.00   clock network delay (ideal)
                         -0.25    9.75   clock uncertainty
                          0.00    9.75   clock reconvergence pessimism
                         -2.00    7.75   output external delay
                                  7.75   data required time
-----------------------------------------------------------------------------
                                  7.75   data required time
                                 -3.53   data arrival time
-----------------------------------------------------------------------------
                                  4.22   slack (MET)


Startpoint: _809_ (falling edge-triggered flip-flop)
Endpoint: segment_xhxx[6] (output port clocked by sysclk_i)
Path Group: sysclk_i
Path Type: max

Fanout     Cap    Slew   Delay    Time   Description
-----------------------------------------------------------------------------
                  0.02    0.00    0.00 v _809_/CLK_N (sky130_fd_sc_hd__dfbbn_2)
                  0.07    0.70    0.70 v _809_/Q (sky130_fd_sc_hd__dfbbn_2)
     6    0.03                           inst_count24h.count_int[2] (net)
                  0.07    0.00    0.70 v _616_/A (sky130_fd_sc_hd__inv_2)
                  0.04    0.06    0.77 ^ _616_/Y (sky130_fd_sc_hd__inv_2)
     3    0.00                           _277_ (net)
                  0.04    0.00    0.77 ^ _617_/A (sky130_fd_sc_hd__or2_1)
                  0.04    0.09    0.86 ^ _617_/X (sky130_fd_sc_hd__or2_1)
     1    0.00                           _278_ (net)
                  0.04    0.00    0.86 ^ _618_/A (sky130_fd_sc_hd__clkbuf_1)
                  0.13    0.15    1.00 ^ _618_/X (sky130_fd_sc_hd__clkbuf_1)
     3    0.01                           _024_ (net)
                  0.13    0.00    1.00 ^ _619_/A (sky130_fd_sc_hd__clkinv_2)
                  0.03    0.06    1.06 v _619_/Y (sky130_fd_sc_hd__clkinv_2)
     1    0.00                           _023_ (net)
                  0.03    0.00    1.06 v _794_/A0 (sky130_fd_sc_hd__mux2_1)
                  0.05    0.29    1.35 v _794_/X (sky130_fd_sc_hd__mux2_1)
     1    0.00                           _031_ (net)
                  0.05    0.00    1.35 v _627_/A (sky130_fd_sc_hd__nor3b_1)
                  0.20    0.24    1.60 ^ _627_/Y (sky130_fd_sc_hd__nor3b_1)
     2    0.00                           _283_ (net)
                  0.20    0.00    1.60 ^ _628_/A (sky130_fd_sc_hd__or2b_1)
                  0.04    0.14    1.73 ^ _628_/X (sky130_fd_sc_hd__or2b_1)
     1    0.00                           _284_ (net)
                  0.04    0.00    1.73 ^ _629_/A (sky130_fd_sc_hd__clkbuf_1)
                  0.09    0.12    1.85 ^ _629_/X (sky130_fd_sc_hd__clkbuf_1)
     2    0.01                           _032_ (net)
                  0.09    0.00    1.85 ^ _795_/A0 (sky130_fd_sc_hd__mux2_1)
                  0.11    0.20    2.06 ^ _795_/X (sky130_fd_sc_hd__mux2_1)
     4    0.01                           _034_ (net)
                  0.11    0.00    2.06 ^ _645_/B (sky130_fd_sc_hd__or2_1)
                  0.05    0.13    2.18 ^ _645_/X (sky130_fd_sc_hd__or2_1)
     2    0.00                           _297_ (net)
                  0.05    0.00    2.18 ^ _646_/A (sky130_fd_sc_hd__clkbuf_2)
                  0.10    0.16    2.34 ^ _646_/X (sky130_fd_sc_hd__clkbuf_2)
     5    0.02                           _298_ (net)
                  0.10    0.00    2.34 ^ _662_/A (sky130_fd_sc_hd__inv_2)
                  0.04    0.06    2.40 v _662_/Y (sky130_fd_sc_hd__inv_2)
     3    0.01                           _313_ (net)
                  0.04    0.00    2.40 v _668_/A3 (sky130_fd_sc_hd__a31o_1)
                  0.06    0.26    2.66 v _668_/X (sky130_fd_sc_hd__a31o_1)
     3    0.01                           _318_ (net)
                  0.06    0.00    2.66 v _670_/B (sky130_fd_sc_hd__or3b_1)
                  0.10    0.43    3.09 v _670_/X (sky130_fd_sc_hd__or3b_1)
     3    0.01                           _320_ (net)
                  0.10    0.00    3.09 v _682_/B2 (sky130_fd_sc_hd__o32a_4)
                  0.10    0.29    3.37 v _682_/X (sky130_fd_sc_hd__o32a_4)
     1    0.03                           segment_xhxx[6] (net)
                  0.10    0.00    3.37 v segment_xhxx[6] (out)
                                  3.37   data arrival time

                  0.15   10.00   10.00   clock sysclk_i (rise edge)
                          0.00   10.00   clock network delay (ideal)
                         -0.25    9.75   clock uncertainty
                          0.00    9.75   clock reconvergence pessimism
                         -2.00    7.75   output external delay
                                  7.75   data required time
-----------------------------------------------------------------------------
                                  7.75   data required time
                                 -3.37   data arrival time
-----------------------------------------------------------------------------
                                  4.38   slack (MET)


Startpoint: _809_ (falling edge-triggered flip-flop)
Endpoint: segment_xhxx[5] (output port clocked by sysclk_i)
Path Group: sysclk_i
Path Type: max

Fanout     Cap    Slew   Delay    Time   Description
-----------------------------------------------------------------------------
                  0.02    0.00    0.00 v _809_/CLK_N (sky130_fd_sc_hd__dfbbn_2)
                  0.07    0.70    0.70 v _809_/Q (sky130_fd_sc_hd__dfbbn_2)
     6    0.03                           inst_count24h.count_int[2] (net)
                  0.07    0.00    0.70 v _616_/A (sky130_fd_sc_hd__inv_2)
                  0.04    0.06    0.77 ^ _616_/Y (sky130_fd_sc_hd__inv_2)
     3    0.00                           _277_ (net)
                  0.04    0.00    0.77 ^ _617_/A (sky130_fd_sc_hd__or2_1)
                  0.04    0.09    0.86 ^ _617_/X (sky130_fd_sc_hd__or2_1)
     1    0.00                           _278_ (net)
                  0.04    0.00    0.86 ^ _618_/A (sky130_fd_sc_hd__clkbuf_1)
                  0.13    0.15    1.00 ^ _618_/X (sky130_fd_sc_hd__clkbuf_1)
     3    0.01                           _024_ (net)
                  0.13    0.00    1.00 ^ _619_/A (sky130_fd_sc_hd__clkinv_2)
                  0.03    0.06    1.06 v _619_/Y (sky130_fd_sc_hd__clkinv_2)
     1    0.00                           _023_ (net)
                  0.03    0.00    1.06 v _794_/A0 (sky130_fd_sc_hd__mux2_1)
                  0.05    0.29    1.35 v _794_/X (sky130_fd_sc_hd__mux2_1)
     1    0.00                           _031_ (net)
                  0.05    0.00    1.35 v _627_/A (sky130_fd_sc_hd__nor3b_1)
                  0.20    0.24    1.60 ^ _627_/Y (sky130_fd_sc_hd__nor3b_1)
     2    0.00                           _283_ (net)
                  0.20    0.00    1.60 ^ _628_/A (sky130_fd_sc_hd__or2b_1)
                  0.04    0.14    1.73 ^ _628_/X (sky130_fd_sc_hd__or2b_1)
     1    0.00                           _284_ (net)
                  0.04    0.00    1.73 ^ _629_/A (sky130_fd_sc_hd__clkbuf_1)
                  0.09    0.12    1.85 ^ _629_/X (sky130_fd_sc_hd__clkbuf_1)
     2    0.01                           _032_ (net)
                  0.09    0.00    1.85 ^ _795_/A0 (sky130_fd_sc_hd__mux2_1)
                  0.11    0.20    2.06 ^ _795_/X (sky130_fd_sc_hd__mux2_1)
     4    0.01                           _034_ (net)
                  0.11    0.00    2.06 ^ _645_/B (sky130_fd_sc_hd__or2_1)
                  0.05    0.13    2.18 ^ _645_/X (sky130_fd_sc_hd__or2_1)
     2    0.00                           _297_ (net)
                  0.05    0.00    2.18 ^ _646_/A (sky130_fd_sc_hd__clkbuf_2)
                  0.10    0.16    2.34 ^ _646_/X (sky130_fd_sc_hd__clkbuf_2)
     5    0.02                           _298_ (net)
                  0.10    0.00    2.34 ^ _662_/A (sky130_fd_sc_hd__inv_2)
                  0.04    0.06    2.40 v _662_/Y (sky130_fd_sc_hd__inv_2)
     3    0.01                           _313_ (net)
                  0.04    0.00    2.40 v _664_/A3 (sky130_fd_sc_hd__a31o_1)
                  0.04    0.23    2.63 v _664_/X (sky130_fd_sc_hd__a31o_1)
     2    0.00                           _315_ (net)
                  0.04    0.00    2.63 v _665_/B (sky130_fd_sc_hd__or2_1)
                  0.07    0.24    2.87 v _665_/X (sky130_fd_sc_hd__or2_1)
     2    0.01                           _316_ (net)
                  0.07    0.00    2.87 v _679_/C1 (sky130_fd_sc_hd__a311o_4)
                  0.10    0.42    3.29 v _679_/X (sky130_fd_sc_hd__a311o_4)
     1    0.03                           segment_xhxx[5] (net)
                  0.10    0.00    3.29 v segment_xhxx[5] (out)
                                  3.29   data arrival time

                  0.15   10.00   10.00   clock sysclk_i (rise edge)
                          0.00   10.00   clock network delay (ideal)
                         -0.25    9.75   clock uncertainty
                          0.00    9.75   clock reconvergence pessimism
                         -2.00    7.75   output external delay
                                  7.75   data required time
-----------------------------------------------------------------------------
                                  7.75   data required time
                                 -3.29   data arrival time
-----------------------------------------------------------------------------
                                  4.46   slack (MET)


