
===========================================================================
report_checks -path_delay min (Hold)
============================================================================
Startpoint: _812_ (rising edge-triggered flip-flop clocked by sysclk_i)
Endpoint: _814_ (removal check against rising-edge clock sysclk_i)
Path Group: **async_default**
Path Type: min

Fanout     Cap    Slew   Delay    Time   Description
-----------------------------------------------------------------------------
                  0.15    0.00    0.00   clock sysclk_i (rise edge)
                          0.00    0.00   clock network delay (ideal)
                  0.15    0.00    0.00 ^ _812_/CLK (sky130_fd_sc_hd__dfstp_4)
                  0.07    0.48    0.48 v _812_/Q (sky130_fd_sc_hd__dfstp_4)
    13    0.03                           inst_count10m.rst_i (net)
                  0.07    0.00    0.48 v _405_/A (sky130_fd_sc_hd__inv_2)
                  0.05    0.06    0.54 ^ _405_/Y (sky130_fd_sc_hd__inv_2)
     4    0.01                           _159_ (net)
                  0.05    0.00    0.54 ^ _527_/A (sky130_fd_sc_hd__clkbuf_2)
                  0.07    0.11    0.65 ^ _527_/X (sky130_fd_sc_hd__clkbuf_2)
     5    0.01                           _232_ (net)
                  0.07    0.00    0.65 ^ _532_/A (sky130_fd_sc_hd__clkbuf_1)
                  0.04    0.07    0.72 ^ _532_/X (sky130_fd_sc_hd__clkbuf_1)
     1    0.00                           _235_ (net)
                  0.04    0.00    0.72 ^ _533_/A (sky130_fd_sc_hd__clkbuf_1)
                  0.06    0.08    0.80 ^ _533_/X (sky130_fd_sc_hd__clkbuf_1)
     1    0.00                           _096_ (net)
                  0.06    0.00    0.80 ^ _814_/RESET_B (sky130_fd_sc_hd__dfrtp_1)
                                  0.80   data arrival time

                  0.15    0.00    0.00   clock sysclk_i (rise edge)
                          0.00    0.00   clock network delay (ideal)
                          0.25    0.25   clock uncertainty
                          0.00    0.25   clock reconvergence pessimism
                                  0.25 ^ _814_/CLK (sky130_fd_sc_hd__dfrtp_1)
                          0.35    0.60   library removal time
                                  0.60   data required time
-----------------------------------------------------------------------------
                                  0.60   data required time
                                 -0.80   data arrival time
-----------------------------------------------------------------------------
                                  0.20   slack (MET)


Startpoint: _812_ (rising edge-triggered flip-flop clocked by sysclk_i)
Endpoint: _815_ (removal check against rising-edge clock sysclk_i)
Path Group: **async_default**
Path Type: min

Fanout     Cap    Slew   Delay    Time   Description
-----------------------------------------------------------------------------
                  0.15    0.00    0.00   clock sysclk_i (rise edge)
                          0.00    0.00   clock network delay (ideal)
                  0.15    0.00    0.00 ^ _812_/CLK (sky130_fd_sc_hd__dfstp_4)
                  0.07    0.48    0.48 v _812_/Q (sky130_fd_sc_hd__dfstp_4)
    13    0.03                           inst_count10m.rst_i (net)
                  0.07    0.00    0.48 v _405_/A (sky130_fd_sc_hd__inv_2)
                  0.05    0.06    0.54 ^ _405_/Y (sky130_fd_sc_hd__inv_2)
     4    0.01                           _159_ (net)
                  0.05    0.00    0.54 ^ _527_/A (sky130_fd_sc_hd__clkbuf_2)
                  0.07    0.11    0.65 ^ _527_/X (sky130_fd_sc_hd__clkbuf_2)
     5    0.01                           _232_ (net)
                  0.07    0.00    0.65 ^ _530_/A (sky130_fd_sc_hd__clkbuf_1)
                  0.04    0.07    0.72 ^ _530_/X (sky130_fd_sc_hd__clkbuf_1)
     1    0.00                           _234_ (net)
                  0.04    0.00    0.72 ^ _531_/A (sky130_fd_sc_hd__clkbuf_1)
                  0.06    0.08    0.80 ^ _531_/X (sky130_fd_sc_hd__clkbuf_1)
     1    0.00                           _097_ (net)
                  0.06    0.00    0.80 ^ _815_/RESET_B (sky130_fd_sc_hd__dfrtp_1)
                                  0.80   data arrival time

                  0.15    0.00    0.00   clock sysclk_i (rise edge)
                          0.00    0.00   clock network delay (ideal)
                          0.25    0.25   clock uncertainty
                          0.00    0.25   clock reconvergence pessimism
                                  0.25 ^ _815_/CLK (sky130_fd_sc_hd__dfrtp_1)
                          0.35    0.60   library removal time
                                  0.60   data required time
-----------------------------------------------------------------------------
                                  0.60   data required time
                                 -0.80   data arrival time
-----------------------------------------------------------------------------
                                  0.20   slack (MET)


Startpoint: _812_ (rising edge-triggered flip-flop clocked by sysclk_i)
Endpoint: _816_ (removal check against rising-edge clock sysclk_i)
Path Group: **async_default**
Path Type: min

Fanout     Cap    Slew   Delay    Time   Description
-----------------------------------------------------------------------------
                  0.15    0.00    0.00   clock sysclk_i (rise edge)
                          0.00    0.00   clock network delay (ideal)
                  0.15    0.00    0.00 ^ _812_/CLK (sky130_fd_sc_hd__dfstp_4)
                  0.07    0.48    0.48 v _812_/Q (sky130_fd_sc_hd__dfstp_4)
    13    0.03                           inst_count10m.rst_i (net)
                  0.07    0.00    0.48 v _405_/A (sky130_fd_sc_hd__inv_2)
                  0.05    0.06    0.54 ^ _405_/Y (sky130_fd_sc_hd__inv_2)
     4    0.01                           _159_ (net)
                  0.05    0.00    0.54 ^ _527_/A (sky130_fd_sc_hd__clkbuf_2)
                  0.07    0.11    0.65 ^ _527_/X (sky130_fd_sc_hd__clkbuf_2)
     5    0.01                           _232_ (net)
                  0.07    0.00    0.65 ^ _528_/A (sky130_fd_sc_hd__clkbuf_1)
                  0.04    0.07    0.72 ^ _528_/X (sky130_fd_sc_hd__clkbuf_1)
     1    0.00                           _233_ (net)
                  0.04    0.00    0.72 ^ _529_/A (sky130_fd_sc_hd__clkbuf_1)
                  0.06    0.08    0.80 ^ _529_/X (sky130_fd_sc_hd__clkbuf_1)
     1    0.00                           _098_ (net)
                  0.06    0.00    0.80 ^ _816_/RESET_B (sky130_fd_sc_hd__dfrtp_1)
                                  0.80   data arrival time

                  0.15    0.00    0.00   clock sysclk_i (rise edge)
                          0.00    0.00   clock network delay (ideal)
                          0.25    0.25   clock uncertainty
                          0.00    0.25   clock reconvergence pessimism
                                  0.25 ^ _816_/CLK (sky130_fd_sc_hd__dfrtp_1)
                          0.35    0.60   library removal time
                                  0.60   data required time
-----------------------------------------------------------------------------
                                  0.60   data required time
                                 -0.80   data arrival time
-----------------------------------------------------------------------------
                                  0.20   slack (MET)


Startpoint: _812_ (rising edge-triggered flip-flop clocked by sysclk_i)
Endpoint: _817_ (removal check against rising-edge clock sysclk_i)
Path Group: **async_default**
Path Type: min

Fanout     Cap    Slew   Delay    Time   Description
-----------------------------------------------------------------------------
                  0.15    0.00    0.00   clock sysclk_i (rise edge)
                          0.00    0.00   clock network delay (ideal)
                  0.15    0.00    0.00 ^ _812_/CLK (sky130_fd_sc_hd__dfstp_4)
                  0.07    0.48    0.48 v _812_/Q (sky130_fd_sc_hd__dfstp_4)
    13    0.03                           inst_count10m.rst_i (net)
                  0.07    0.00    0.48 v _405_/A (sky130_fd_sc_hd__inv_2)
                  0.05    0.06    0.54 ^ _405_/Y (sky130_fd_sc_hd__inv_2)
     4    0.01                           _159_ (net)
                  0.05    0.00    0.54 ^ _406_/A (sky130_fd_sc_hd__clkbuf_2)
                  0.06    0.10    0.64 ^ _406_/X (sky130_fd_sc_hd__clkbuf_2)
     5    0.01                           _160_ (net)
                  0.06    0.00    0.64 ^ _516_/A (sky130_fd_sc_hd__dlymetal6s2s_1)
                  0.14    0.14    0.78 ^ _516_/X (sky130_fd_sc_hd__dlymetal6s2s_1)
     5    0.01                           _226_ (net)
                  0.14    0.00    0.78 ^ _525_/A (sky130_fd_sc_hd__clkbuf_1)
                  0.04    0.09    0.87 ^ _525_/X (sky130_fd_sc_hd__clkbuf_1)
     1    0.00                           _231_ (net)
                  0.04    0.00    0.87 ^ _526_/A (sky130_fd_sc_hd__clkbuf_1)
                  0.06    0.08    0.95 ^ _526_/X (sky130_fd_sc_hd__clkbuf_1)
     1    0.00                           _099_ (net)
                  0.06    0.00    0.95 ^ _817_/RESET_B (sky130_fd_sc_hd__dfrtp_1)
                                  0.95   data arrival time

                  0.15    0.00    0.00   clock sysclk_i (rise edge)
                          0.00    0.00   clock network delay (ideal)
                          0.25    0.25   clock uncertainty
                          0.00    0.25   clock reconvergence pessimism
                                  0.25 ^ _817_/CLK (sky130_fd_sc_hd__dfrtp_1)
                          0.35    0.60   library removal time
                                  0.60   data required time
-----------------------------------------------------------------------------
                                  0.60   data required time
                                 -0.95   data arrival time
-----------------------------------------------------------------------------
                                  0.34   slack (MET)


Startpoint: _812_ (rising edge-triggered flip-flop clocked by sysclk_i)
Endpoint: _818_ (removal check against rising-edge clock sysclk_i)
Path Group: **async_default**
Path Type: min

Fanout     Cap    Slew   Delay    Time   Description
-----------------------------------------------------------------------------
                  0.15    0.00    0.00   clock sysclk_i (rise edge)
                          0.00    0.00   clock network delay (ideal)
                  0.15    0.00    0.00 ^ _812_/CLK (sky130_fd_sc_hd__dfstp_4)
                  0.07    0.48    0.48 v _812_/Q (sky130_fd_sc_hd__dfstp_4)
    13    0.03                           inst_count10m.rst_i (net)
                  0.07    0.00    0.48 v _405_/A (sky130_fd_sc_hd__inv_2)
                  0.05    0.06    0.54 ^ _405_/Y (sky130_fd_sc_hd__inv_2)
     4    0.01                           _159_ (net)
                  0.05    0.00    0.54 ^ _406_/A (sky130_fd_sc_hd__clkbuf_2)
                  0.06    0.10    0.64 ^ _406_/X (sky130_fd_sc_hd__clkbuf_2)
     5    0.01                           _160_ (net)
                  0.06    0.00    0.64 ^ _516_/A (sky130_fd_sc_hd__dlymetal6s2s_1)
                  0.14    0.14    0.78 ^ _516_/X (sky130_fd_sc_hd__dlymetal6s2s_1)
     5    0.01                           _226_ (net)
                  0.14    0.00    0.78 ^ _523_/A (sky130_fd_sc_hd__clkbuf_1)
                  0.04    0.09    0.87 ^ _523_/X (sky130_fd_sc_hd__clkbuf_1)
     1    0.00                           _230_ (net)
                  0.04    0.00    0.87 ^ _524_/A (sky130_fd_sc_hd__clkbuf_1)
                  0.06    0.08    0.95 ^ _524_/X (sky130_fd_sc_hd__clkbuf_1)
     1    0.00                           _100_ (net)
                  0.06    0.00    0.95 ^ _818_/RESET_B (sky130_fd_sc_hd__dfrtp_1)
                                  0.95   data arrival time

                  0.15    0.00    0.00   clock sysclk_i (rise edge)
                          0.00    0.00   clock network delay (ideal)
                          0.25    0.25   clock uncertainty
                          0.00    0.25   clock reconvergence pessimism
                                  0.25 ^ _818_/CLK (sky130_fd_sc_hd__dfrtp_1)
                          0.35    0.60   library removal time
                                  0.60   data required time
-----------------------------------------------------------------------------
                                  0.60   data required time
                                 -0.95   data arrival time
-----------------------------------------------------------------------------
                                  0.34   slack (MET)


Startpoint: _814_ (rising edge-triggered flip-flop clocked by sysclk_i)
Endpoint: _814_ (rising edge-triggered flip-flop clocked by sysclk_i)
Path Group: sysclk_i
Path Type: min

Fanout     Cap    Slew   Delay    Time   Description
-----------------------------------------------------------------------------
                  0.15    0.00    0.00   clock sysclk_i (rise edge)
                          0.00    0.00   clock network delay (ideal)
                  0.15    0.00    0.00 ^ _814_/CLK (sky130_fd_sc_hd__dfrtp_1)
                  0.10    0.36    0.36 ^ _814_/Q (sky130_fd_sc_hd__dfrtp_1)
     3    0.01                           inst_div32768.count_int[0] (net)
                  0.10    0.00    0.36 ^ _757_/A (sky130_fd_sc_hd__inv_2)
                  0.02    0.03    0.39 v _757_/Y (sky130_fd_sc_hd__inv_2)
     1    0.00                           _043_ (net)
                  0.02    0.00    0.39 v _814_/D (sky130_fd_sc_hd__dfrtp_1)
                                  0.39   data arrival time

                  0.15    0.00    0.00   clock sysclk_i (rise edge)
                          0.00    0.00   clock network delay (ideal)
                          0.25    0.25   clock uncertainty
                          0.00    0.25   clock reconvergence pessimism
                                  0.25 ^ _814_/CLK (sky130_fd_sc_hd__dfrtp_1)
                         -0.01    0.24   library hold time
                                  0.24   data required time
-----------------------------------------------------------------------------
                                  0.24   data required time
                                 -0.39   data arrival time
-----------------------------------------------------------------------------
                                  0.15   slack (MET)


Startpoint: _817_ (rising edge-triggered flip-flop clocked by sysclk_i)
Endpoint: _817_ (rising edge-triggered flip-flop clocked by sysclk_i)
Path Group: sysclk_i
Path Type: min

Fanout     Cap    Slew   Delay    Time   Description
-----------------------------------------------------------------------------
                  0.15    0.00    0.00   clock sysclk_i (rise edge)
                          0.00    0.00   clock network delay (ideal)
                  0.15    0.00    0.00 ^ _817_/CLK (sky130_fd_sc_hd__dfrtp_1)
                  0.06    0.32    0.32 ^ _817_/Q (sky130_fd_sc_hd__dfrtp_1)
     2    0.00                           inst_div32768.count_int[3] (net)
                  0.06    0.00    0.32 ^ _760_/B1 (sky130_fd_sc_hd__a21oi_1)
                  0.03    0.03    0.36 v _760_/Y (sky130_fd_sc_hd__a21oi_1)
     1    0.00                           _372_ (net)
                  0.03    0.00    0.36 v _761_/B (sky130_fd_sc_hd__nor2_1)
                  0.06    0.06    0.42 ^ _761_/Y (sky130_fd_sc_hd__nor2_1)
     1    0.00                           _051_ (net)
                  0.06    0.00    0.42 ^ _817_/D (sky130_fd_sc_hd__dfrtp_1)
                                  0.42   data arrival time

                  0.15    0.00    0.00   clock sysclk_i (rise edge)
                          0.00    0.00   clock network delay (ideal)
                          0.25    0.25   clock uncertainty
                          0.00    0.25   clock reconvergence pessimism
                                  0.25 ^ _817_/CLK (sky130_fd_sc_hd__dfrtp_1)
                         -0.02    0.23   library hold time
                                  0.23   data required time
-----------------------------------------------------------------------------
                                  0.23   data required time
                                 -0.42   data arrival time
-----------------------------------------------------------------------------
                                  0.19   slack (MET)


Startpoint: _828_ (rising edge-triggered flip-flop clocked by sysclk_i)
Endpoint: _828_ (rising edge-triggered flip-flop clocked by sysclk_i)
Path Group: sysclk_i
Path Type: min

Fanout     Cap    Slew   Delay    Time   Description
-----------------------------------------------------------------------------
                  0.15    0.00    0.00   clock sysclk_i (rise edge)
                          0.00    0.00   clock network delay (ideal)
                  0.15    0.00    0.00 ^ _828_/CLK (sky130_fd_sc_hd__dfrtp_1)
                  0.06    0.32    0.32 ^ _828_/Q (sky130_fd_sc_hd__dfrtp_1)
     2    0.00                           inst_div32768.count_int[14] (net)
                  0.06    0.00    0.32 ^ _784_/A1 (sky130_fd_sc_hd__o21a_1)
                  0.03    0.10    0.42 ^ _784_/X (sky130_fd_sc_hd__o21a_1)
     1    0.00                           _048_ (net)
                  0.03    0.00    0.42 ^ _828_/D (sky130_fd_sc_hd__dfrtp_1)
                                  0.42   data arrival time

                  0.15    0.00    0.00   clock sysclk_i (rise edge)
                          0.00    0.00   clock network delay (ideal)
                          0.25    0.25   clock uncertainty
                          0.00    0.25   clock reconvergence pessimism
                                  0.25 ^ _828_/CLK (sky130_fd_sc_hd__dfrtp_1)
                         -0.02    0.23   library hold time
                                  0.23   data required time
-----------------------------------------------------------------------------
                                  0.23   data required time
                                 -0.42   data arrival time
-----------------------------------------------------------------------------
                                  0.19   slack (MET)


Startpoint: _821_ (rising edge-triggered flip-flop clocked by sysclk_i)
Endpoint: _821_ (rising edge-triggered flip-flop clocked by sysclk_i)
Path Group: sysclk_i
Path Type: min

Fanout     Cap    Slew   Delay    Time   Description
-----------------------------------------------------------------------------
                  0.15    0.00    0.00   clock sysclk_i (rise edge)
                          0.00    0.00   clock network delay (ideal)
                  0.15    0.00    0.00 ^ _821_/CLK (sky130_fd_sc_hd__dfrtp_1)
                  0.06    0.33    0.33 ^ _821_/Q (sky130_fd_sc_hd__dfrtp_1)
     2    0.00                           inst_div32768.count_int[7] (net)
                  0.06    0.00    0.33 ^ _769_/A1 (sky130_fd_sc_hd__o21a_1)
                  0.03    0.10    0.43 ^ _769_/X (sky130_fd_sc_hd__o21a_1)
     1    0.00                           _055_ (net)
                  0.03    0.00    0.43 ^ _821_/D (sky130_fd_sc_hd__dfrtp_1)
                                  0.43   data arrival time

                  0.15    0.00    0.00   clock sysclk_i (rise edge)
                          0.00    0.00   clock network delay (ideal)
                          0.25    0.25   clock uncertainty
                          0.00    0.25   clock reconvergence pessimism
                                  0.25 ^ _821_/CLK (sky130_fd_sc_hd__dfrtp_1)
                         -0.02    0.23   library hold time
                                  0.23   data required time
-----------------------------------------------------------------------------
                                  0.23   data required time
                                 -0.43   data arrival time
-----------------------------------------------------------------------------
                                  0.20   slack (MET)


Startpoint: _815_ (rising edge-triggered flip-flop clocked by sysclk_i)
Endpoint: _815_ (rising edge-triggered flip-flop clocked by sysclk_i)
Path Group: sysclk_i
Path Type: min

Fanout     Cap    Slew   Delay    Time   Description
-----------------------------------------------------------------------------
                  0.15    0.00    0.00   clock sysclk_i (rise edge)
                          0.00    0.00   clock network delay (ideal)
                  0.15    0.00    0.00 ^ _815_/CLK (sky130_fd_sc_hd__dfrtp_1)
                  0.06    0.33    0.33 ^ _815_/Q (sky130_fd_sc_hd__dfrtp_1)
     2    0.00                           inst_div32768.count_int[1] (net)
                  0.06    0.00    0.33 ^ _758_/A1 (sky130_fd_sc_hd__o21a_1)
                  0.03    0.10    0.43 ^ _758_/X (sky130_fd_sc_hd__o21a_1)
     1    0.00                           _049_ (net)
                  0.03    0.00    0.43 ^ _815_/D (sky130_fd_sc_hd__dfrtp_1)
                                  0.43   data arrival time

                  0.15    0.00    0.00   clock sysclk_i (rise edge)
                          0.00    0.00   clock network delay (ideal)
                          0.25    0.25   clock uncertainty
                          0.00    0.25   clock reconvergence pessimism
                                  0.25 ^ _815_/CLK (sky130_fd_sc_hd__dfrtp_1)
                         -0.02    0.23   library hold time
                                  0.23   data required time
-----------------------------------------------------------------------------
                                  0.23   data required time
                                 -0.43   data arrival time
-----------------------------------------------------------------------------
                                  0.20   slack (MET)


