
===========================================================================
report_checks -path_delay max (Setup)
============================================================================
Startpoint: rst_i (input port clocked by sysclk_i)
Endpoint: _836_ (recovery check against rising-edge clock sysclk_i)
Path Group: **async_default**
Path Type: max

Fanout     Cap    Slew   Delay    Time   Description
-----------------------------------------------------------------------------
                  0.15    0.00    0.00   clock sysclk_i (rise edge)
                          0.00    0.00   clock network delay (ideal)
                          2.00    2.00 v input external delay
                  0.02    0.02    2.02 v rst_i (in)
     1    0.00                           rst_i (net)
                  0.02    0.00    2.02 v _445_/A (sky130_fd_sc_hd__inv_2)
                  0.03    0.04    2.06 ^ _445_/Y (sky130_fd_sc_hd__inv_2)
     2    0.00                           _191_ (net)
                  0.03    0.00    2.06 ^ _465_/A (sky130_fd_sc_hd__buf_1)
                  0.14    0.15    2.21 ^ _465_/X (sky130_fd_sc_hd__buf_1)
     5    0.01                           _201_ (net)
                  0.14    0.00    2.21 ^ _466_/A (sky130_fd_sc_hd__buf_1)
                  0.14    0.19    2.40 ^ _466_/X (sky130_fd_sc_hd__buf_1)
     5    0.01                           _202_ (net)
                  0.14    0.00    2.40 ^ _481_/A (sky130_fd_sc_hd__buf_1)
                  0.04    0.11    2.51 ^ _481_/X (sky130_fd_sc_hd__buf_1)
     1    0.00                           _209_ (net)
                  0.04    0.00    2.51 ^ _482_/A (sky130_fd_sc_hd__buf_1)
                  0.05    0.09    2.60 ^ _482_/X (sky130_fd_sc_hd__buf_1)
     1    0.00                           _118_ (net)
                  0.05    0.00    2.60 ^ _836_/RESET_B (sky130_fd_sc_hd__dfrtp_2)
                                  2.60   data arrival time

                  0.15   10.00   10.00   clock sysclk_i (rise edge)
                          0.00   10.00   clock network delay (ideal)
                         -0.25    9.75   clock uncertainty
                          0.00    9.75   clock reconvergence pessimism
                                  9.75 ^ _836_/CLK (sky130_fd_sc_hd__dfrtp_2)
                          0.25   10.00   library recovery time
                                 10.00   data required time
-----------------------------------------------------------------------------
                                 10.00   data required time
                                 -2.60   data arrival time
-----------------------------------------------------------------------------
                                  7.40   slack (MET)


Startpoint: rst_i (input port clocked by sysclk_i)
Endpoint: _837_ (recovery check against rising-edge clock sysclk_i)
Path Group: **async_default**
Path Type: max

Fanout     Cap    Slew   Delay    Time   Description
-----------------------------------------------------------------------------
                  0.15    0.00    0.00   clock sysclk_i (rise edge)
                          0.00    0.00   clock network delay (ideal)
                          2.00    2.00 v input external delay
                  0.02    0.02    2.02 v rst_i (in)
     1    0.00                           rst_i (net)
                  0.02    0.00    2.02 v _445_/A (sky130_fd_sc_hd__inv_2)
                  0.03    0.04    2.06 ^ _445_/Y (sky130_fd_sc_hd__inv_2)
     2    0.00                           _191_ (net)
                  0.03    0.00    2.06 ^ _465_/A (sky130_fd_sc_hd__buf_1)
                  0.14    0.15    2.21 ^ _465_/X (sky130_fd_sc_hd__buf_1)
     5    0.01                           _201_ (net)
                  0.14    0.00    2.21 ^ _466_/A (sky130_fd_sc_hd__buf_1)
                  0.14    0.19    2.40 ^ _466_/X (sky130_fd_sc_hd__buf_1)
     5    0.01                           _202_ (net)
                  0.14    0.00    2.40 ^ _478_/A (sky130_fd_sc_hd__buf_1)
                  0.04    0.11    2.51 ^ _478_/X (sky130_fd_sc_hd__buf_1)
     1    0.00                           _208_ (net)
                  0.04    0.00    2.51 ^ _479_/A (sky130_fd_sc_hd__buf_1)
                  0.05    0.09    2.60 ^ _479_/X (sky130_fd_sc_hd__buf_1)
     1    0.00                           _119_ (net)
                  0.05    0.00    2.60 ^ _837_/RESET_B (sky130_fd_sc_hd__dfrtp_2)
                                  2.60   data arrival time

                  0.15   10.00   10.00   clock sysclk_i (rise edge)
                          0.00   10.00   clock network delay (ideal)
                         -0.25    9.75   clock uncertainty
                          0.00    9.75   clock reconvergence pessimism
                                  9.75 ^ _837_/CLK (sky130_fd_sc_hd__dfrtp_2)
                          0.25   10.00   library recovery time
                                 10.00   data required time
-----------------------------------------------------------------------------
                                 10.00   data required time
                                 -2.60   data arrival time
-----------------------------------------------------------------------------
                                  7.40   slack (MET)


Startpoint: rst_i (input port clocked by sysclk_i)
Endpoint: _838_ (recovery check against rising-edge clock sysclk_i)
Path Group: **async_default**
Path Type: max

Fanout     Cap    Slew   Delay    Time   Description
-----------------------------------------------------------------------------
                  0.15    0.00    0.00   clock sysclk_i (rise edge)
                          0.00    0.00   clock network delay (ideal)
                          2.00    2.00 v input external delay
                  0.02    0.02    2.02 v rst_i (in)
     1    0.00                           rst_i (net)
                  0.02    0.00    2.02 v _445_/A (sky130_fd_sc_hd__inv_2)
                  0.03    0.04    2.06 ^ _445_/Y (sky130_fd_sc_hd__inv_2)
     2    0.00                           _191_ (net)
                  0.03    0.00    2.06 ^ _465_/A (sky130_fd_sc_hd__buf_1)
                  0.14    0.15    2.21 ^ _465_/X (sky130_fd_sc_hd__buf_1)
     5    0.01                           _201_ (net)
                  0.14    0.00    2.21 ^ _466_/A (sky130_fd_sc_hd__buf_1)
                  0.14    0.19    2.40 ^ _466_/X (sky130_fd_sc_hd__buf_1)
     5    0.01                           _202_ (net)
                  0.14    0.00    2.40 ^ _475_/A (sky130_fd_sc_hd__buf_1)
                  0.04    0.11    2.51 ^ _475_/X (sky130_fd_sc_hd__buf_1)
     1    0.00                           _207_ (net)
                  0.04    0.00    2.51 ^ _476_/A (sky130_fd_sc_hd__buf_1)
                  0.05    0.09    2.60 ^ _476_/X (sky130_fd_sc_hd__buf_1)
     1    0.00                           _120_ (net)
                  0.05    0.00    2.60 ^ _838_/RESET_B (sky130_fd_sc_hd__dfrtp_2)
                                  2.60   data arrival time

                  0.15   10.00   10.00   clock sysclk_i (rise edge)
                          0.00   10.00   clock network delay (ideal)
                         -0.25    9.75   clock uncertainty
                          0.00    9.75   clock reconvergence pessimism
                                  9.75 ^ _838_/CLK (sky130_fd_sc_hd__dfrtp_2)
                          0.25   10.00   library recovery time
                                 10.00   data required time
-----------------------------------------------------------------------------
                                 10.00   data required time
                                 -2.60   data arrival time
-----------------------------------------------------------------------------
                                  7.40   slack (MET)


Startpoint: rst_i (input port clocked by sysclk_i)
Endpoint: _839_ (recovery check against rising-edge clock sysclk_i)
Path Group: **async_default**
Path Type: max

Fanout     Cap    Slew   Delay    Time   Description
-----------------------------------------------------------------------------
                  0.15    0.00    0.00   clock sysclk_i (rise edge)
                          0.00    0.00   clock network delay (ideal)
                          2.00    2.00 v input external delay
                  0.02    0.02    2.02 v rst_i (in)
     1    0.00                           rst_i (net)
                  0.02    0.00    2.02 v _445_/A (sky130_fd_sc_hd__inv_2)
                  0.03    0.04    2.06 ^ _445_/Y (sky130_fd_sc_hd__inv_2)
     2    0.00                           _191_ (net)
                  0.03    0.00    2.06 ^ _465_/A (sky130_fd_sc_hd__buf_1)
                  0.14    0.15    2.21 ^ _465_/X (sky130_fd_sc_hd__buf_1)
     5    0.01                           _201_ (net)
                  0.14    0.00    2.21 ^ _466_/A (sky130_fd_sc_hd__buf_1)
                  0.14    0.19    2.40 ^ _466_/X (sky130_fd_sc_hd__buf_1)
     5    0.01                           _202_ (net)
                  0.14    0.00    2.40 ^ _472_/A (sky130_fd_sc_hd__buf_1)
                  0.04    0.11    2.51 ^ _472_/X (sky130_fd_sc_hd__buf_1)
     1    0.00                           _206_ (net)
                  0.04    0.00    2.51 ^ _473_/A (sky130_fd_sc_hd__buf_1)
                  0.05    0.09    2.60 ^ _473_/X (sky130_fd_sc_hd__buf_1)
     1    0.00                           _121_ (net)
                  0.05    0.00    2.60 ^ _839_/RESET_B (sky130_fd_sc_hd__dfrtp_2)
                                  2.60   data arrival time

                  0.15   10.00   10.00   clock sysclk_i (rise edge)
                          0.00   10.00   clock network delay (ideal)
                         -0.25    9.75   clock uncertainty
                          0.00    9.75   clock reconvergence pessimism
                                  9.75 ^ _839_/CLK (sky130_fd_sc_hd__dfrtp_2)
                          0.25   10.00   library recovery time
                                 10.00   data required time
-----------------------------------------------------------------------------
                                 10.00   data required time
                                 -2.60   data arrival time
-----------------------------------------------------------------------------
                                  7.40   slack (MET)


Startpoint: rst_i (input port clocked by sysclk_i)
Endpoint: _840_ (recovery check against rising-edge clock sysclk_i)
Path Group: **async_default**
Path Type: max

Fanout     Cap    Slew   Delay    Time   Description
-----------------------------------------------------------------------------
                  0.15    0.00    0.00   clock sysclk_i (rise edge)
                          0.00    0.00   clock network delay (ideal)
                          2.00    2.00 v input external delay
                  0.02    0.02    2.02 v rst_i (in)
     1    0.00                           rst_i (net)
                  0.02    0.00    2.02 v _445_/A (sky130_fd_sc_hd__inv_2)
                  0.03    0.04    2.06 ^ _445_/Y (sky130_fd_sc_hd__inv_2)
     2    0.00                           _191_ (net)
                  0.03    0.00    2.06 ^ _465_/A (sky130_fd_sc_hd__buf_1)
                  0.14    0.15    2.21 ^ _465_/X (sky130_fd_sc_hd__buf_1)
     5    0.01                           _201_ (net)
                  0.14    0.00    2.21 ^ _466_/A (sky130_fd_sc_hd__buf_1)
                  0.14    0.19    2.40 ^ _466_/X (sky130_fd_sc_hd__buf_1)
     5    0.01                           _202_ (net)
                  0.14    0.00    2.40 ^ _467_/A (sky130_fd_sc_hd__buf_1)
                  0.04    0.11    2.51 ^ _467_/X (sky130_fd_sc_hd__buf_1)
     1    0.00                           _203_ (net)
                  0.04    0.00    2.51 ^ _468_/A (sky130_fd_sc_hd__buf_1)
                  0.05    0.09    2.60 ^ _468_/X (sky130_fd_sc_hd__buf_1)
     1    0.00                           _122_ (net)
                  0.05    0.00    2.60 ^ _840_/RESET_B (sky130_fd_sc_hd__dfrtp_2)
                                  2.60   data arrival time

                  0.15   10.00   10.00   clock sysclk_i (rise edge)
                          0.00   10.00   clock network delay (ideal)
                         -0.25    9.75   clock uncertainty
                          0.00    9.75   clock reconvergence pessimism
                                  9.75 ^ _840_/CLK (sky130_fd_sc_hd__dfrtp_2)
                          0.25   10.00   library recovery time
                                 10.00   data required time
-----------------------------------------------------------------------------
                                 10.00   data required time
                                 -2.60   data arrival time
-----------------------------------------------------------------------------
                                  7.40   slack (MET)


Startpoint: _810_ (falling edge-triggered flip-flop)
Endpoint: segment_xhxx[3] (output port clocked by sysclk_i)
Path Group: sysclk_i
Path Type: max

Fanout     Cap    Slew   Delay    Time   Description
-----------------------------------------------------------------------------
                  0.02    0.00    0.00 v _810_/CLK_N (sky130_fd_sc_hd__dfbbn_2)
                  0.16    0.67    0.67 ^ _810_/Q (sky130_fd_sc_hd__dfbbn_2)
     8    0.03                           inst_count24h.count_int[3] (net)
                  0.16    0.00    0.67 ^ _632_/A (sky130_fd_sc_hd__inv_2)
                  0.04    0.05    0.73 v _632_/Y (sky130_fd_sc_hd__inv_2)
     3    0.01                           _287_ (net)
                  0.04    0.00    0.73 v _633_/A (sky130_fd_sc_hd__or3_2)
                  0.07    0.50    1.23 v _633_/X (sky130_fd_sc_hd__or3_2)
     1    0.00                           _288_ (net)
                  0.07    0.00    1.23 v _634_/A3 (sky130_fd_sc_hd__o32a_2)
                  0.06    0.37    1.60 v _634_/X (sky130_fd_sc_hd__o32a_2)
     1    0.00                           _289_ (net)
                  0.06    0.00    1.60 v _635_/A (sky130_fd_sc_hd__inv_2)
                  0.07    0.09    1.69 ^ _635_/Y (sky130_fd_sc_hd__inv_2)
     4    0.01                           _033_ (net)
                  0.07    0.00    1.69 ^ _796_/S (sky130_fd_sc_hd__mux2_1)
                  0.11    0.42    2.11 v _796_/X (sky130_fd_sc_hd__mux2_1)
     7    0.01                           _036_ (net)
                  0.11    0.00    2.11 v _652_/A (sky130_fd_sc_hd__or2_2)
                  0.06    0.35    2.46 v _652_/X (sky130_fd_sc_hd__or2_2)
     2    0.00                           _303_ (net)
                  0.06    0.00    2.46 v _653_/B (sky130_fd_sc_hd__or2_2)
                  0.07    0.32    2.78 v _653_/X (sky130_fd_sc_hd__or2_2)
     2    0.01                           _304_ (net)
                  0.07    0.00    2.78 v _655_/B1 (sky130_fd_sc_hd__o311a_2)
                  0.06    0.16    2.93 v _655_/X (sky130_fd_sc_hd__o311a_2)
     1    0.00                           _306_ (net)
                  0.06    0.00    2.93 v _656_/A (sky130_fd_sc_hd__inv_2)
                  0.03    0.05    2.99 ^ _656_/Y (sky130_fd_sc_hd__inv_2)
     2    0.00                           _307_ (net)
                  0.03    0.00    2.99 ^ _659_/A (sky130_fd_sc_hd__or2_2)
                  0.06    0.12    3.11 ^ _659_/X (sky130_fd_sc_hd__or2_2)
     3    0.01                           _310_ (net)
                  0.06    0.00    3.11 ^ _674_/A (sky130_fd_sc_hd__nor2_2)
                  0.02    0.04    3.15 v _674_/Y (sky130_fd_sc_hd__nor2_2)
     1    0.00                           _323_ (net)
                  0.02    0.00    3.15 v _675_/D (sky130_fd_sc_hd__or4_2)
                  0.09    0.57    3.72 v _675_/X (sky130_fd_sc_hd__or4_2)
     1    0.00                           _324_ (net)
                  0.09    0.00    3.72 v _676_/A (sky130_fd_sc_hd__buf_1)
                  0.19    0.26    3.98 v _676_/X (sky130_fd_sc_hd__buf_1)
     1    0.03                           segment_xhxx[3] (net)
                  0.19    0.00    3.98 v segment_xhxx[3] (out)
                                  3.98   data arrival time

                  0.15   10.00   10.00   clock sysclk_i (rise edge)
                          0.00   10.00   clock network delay (ideal)
                         -0.25    9.75   clock uncertainty
                          0.00    9.75   clock reconvergence pessimism
                         -2.00    7.75   output external delay
                                  7.75   data required time
-----------------------------------------------------------------------------
                                  7.75   data required time
                                 -3.98   data arrival time
-----------------------------------------------------------------------------
                                  3.77   slack (MET)


Startpoint: _809_ (falling edge-triggered flip-flop)
Endpoint: segment_xhxx[2] (output port clocked by sysclk_i)
Path Group: sysclk_i
Path Type: max

Fanout     Cap    Slew   Delay    Time   Description
-----------------------------------------------------------------------------
                  0.02    0.00    0.00 v _809_/CLK_N (sky130_fd_sc_hd__dfbbn_2)
                  0.06    0.69    0.69 v _809_/Q (sky130_fd_sc_hd__dfbbn_2)
     6    0.02                           inst_count24h.count_int[2] (net)
                  0.06    0.00    0.69 v _616_/A (sky130_fd_sc_hd__inv_2)
                  0.03    0.06    0.74 ^ _616_/Y (sky130_fd_sc_hd__inv_2)
     3    0.00                           _277_ (net)
                  0.03    0.00    0.74 ^ _617_/A (sky130_fd_sc_hd__or2_2)
                  0.03    0.10    0.84 ^ _617_/X (sky130_fd_sc_hd__or2_2)
     1    0.00                           _278_ (net)
                  0.03    0.00    0.84 ^ _618_/A (sky130_fd_sc_hd__buf_1)
                  0.14    0.15    1.00 ^ _618_/X (sky130_fd_sc_hd__buf_1)
     3    0.01                           _024_ (net)
                  0.14    0.00    1.00 ^ _619_/A (sky130_fd_sc_hd__inv_2)
                  0.03    0.03    1.03 v _619_/Y (sky130_fd_sc_hd__inv_2)
     1    0.00                           _023_ (net)
                  0.03    0.00    1.03 v _794_/A0 (sky130_fd_sc_hd__mux2_1)
                  0.06    0.31    1.34 v _794_/X (sky130_fd_sc_hd__mux2_1)
     1    0.00                           _031_ (net)
                  0.06    0.00    1.34 v _627_/A (sky130_fd_sc_hd__nor3b_2)
                  0.17    0.23    1.57 ^ _627_/Y (sky130_fd_sc_hd__nor3b_2)
     2    0.01                           _283_ (net)
                  0.17    0.00    1.57 ^ _628_/A (sky130_fd_sc_hd__or2b_2)
                  0.03    0.14    1.72 ^ _628_/X (sky130_fd_sc_hd__or2b_2)
     1    0.00                           _284_ (net)
                  0.03    0.00    1.72 ^ _629_/A (sky130_fd_sc_hd__buf_1)
                  0.08    0.11    1.83 ^ _629_/X (sky130_fd_sc_hd__buf_1)
     2    0.01                           _032_ (net)
                  0.08    0.00    1.83 ^ _795_/A0 (sky130_fd_sc_hd__mux2_1)
                  0.09    0.18    2.01 ^ _795_/X (sky130_fd_sc_hd__mux2_1)
     4    0.01                           _034_ (net)
                  0.09    0.00    2.01 ^ _645_/B (sky130_fd_sc_hd__or2_2)
                  0.03    0.13    2.14 ^ _645_/X (sky130_fd_sc_hd__or2_2)
     2    0.00                           _297_ (net)
                  0.03    0.00    2.14 ^ _646_/A (sky130_fd_sc_hd__buf_1)
                  0.18    0.19    2.32 ^ _646_/X (sky130_fd_sc_hd__buf_1)
     5    0.01                           _298_ (net)
                  0.18    0.00    2.32 ^ _662_/A (sky130_fd_sc_hd__inv_2)
                  0.05    0.06    2.38 v _662_/Y (sky130_fd_sc_hd__inv_2)
     3    0.01                           _313_ (net)
                  0.05    0.00    2.38 v _664_/A3 (sky130_fd_sc_hd__a31o_2)
                  0.04    0.26    2.64 v _664_/X (sky130_fd_sc_hd__a31o_2)
     2    0.00                           _315_ (net)
                  0.04    0.00    2.64 v _670_/A (sky130_fd_sc_hd__or3b_2)
                  0.10    0.53    3.18 v _670_/X (sky130_fd_sc_hd__or3b_2)
     3    0.01                           _320_ (net)
                  0.10    0.00    3.18 v _671_/B (sky130_fd_sc_hd__or3b_2)
                  0.07    0.49    3.66 v _671_/X (sky130_fd_sc_hd__or3b_2)
     1    0.00                           _321_ (net)
                  0.07    0.00    3.66 v _672_/A (sky130_fd_sc_hd__buf_1)
                  0.19    0.25    3.92 v _672_/X (sky130_fd_sc_hd__buf_1)
     1    0.03                           segment_xhxx[2] (net)
                  0.19    0.00    3.92 v segment_xhxx[2] (out)
                                  3.92   data arrival time

                  0.15   10.00   10.00   clock sysclk_i (rise edge)
                          0.00   10.00   clock network delay (ideal)
                         -0.25    9.75   clock uncertainty
                          0.00    9.75   clock reconvergence pessimism
                         -2.00    7.75   output external delay
                                  7.75   data required time
-----------------------------------------------------------------------------
                                  7.75   data required time
                                 -3.92   data arrival time
-----------------------------------------------------------------------------
                                  3.83   slack (MET)


Startpoint: _810_ (falling edge-triggered flip-flop)
Endpoint: segment_xhxx[1] (output port clocked by sysclk_i)
Path Group: sysclk_i
Path Type: max

Fanout     Cap    Slew   Delay    Time   Description
-----------------------------------------------------------------------------
                  0.02    0.00    0.00 v _810_/CLK_N (sky130_fd_sc_hd__dfbbn_2)
                  0.16    0.67    0.67 ^ _810_/Q (sky130_fd_sc_hd__dfbbn_2)
     8    0.03                           inst_count24h.count_int[3] (net)
                  0.16    0.00    0.67 ^ _632_/A (sky130_fd_sc_hd__inv_2)
                  0.04    0.05    0.73 v _632_/Y (sky130_fd_sc_hd__inv_2)
     3    0.01                           _287_ (net)
                  0.04    0.00    0.73 v _633_/A (sky130_fd_sc_hd__or3_2)
                  0.07    0.50    1.23 v _633_/X (sky130_fd_sc_hd__or3_2)
     1    0.00                           _288_ (net)
                  0.07    0.00    1.23 v _634_/A3 (sky130_fd_sc_hd__o32a_2)
                  0.06    0.37    1.60 v _634_/X (sky130_fd_sc_hd__o32a_2)
     1    0.00                           _289_ (net)
                  0.06    0.00    1.60 v _635_/A (sky130_fd_sc_hd__inv_2)
                  0.07    0.09    1.69 ^ _635_/Y (sky130_fd_sc_hd__inv_2)
     4    0.01                           _033_ (net)
                  0.07    0.00    1.69 ^ _797_/S (sky130_fd_sc_hd__mux2_1)
                  0.10    0.41    2.09 v _797_/X (sky130_fd_sc_hd__mux2_1)
     5    0.01                           _038_ (net)
                  0.10    0.00    2.09 v _640_/A (sky130_fd_sc_hd__inv_2)
                  0.04    0.07    2.16 ^ _640_/Y (sky130_fd_sc_hd__inv_2)
     2    0.00                           _292_ (net)
                  0.04    0.00    2.16 ^ _641_/A (sky130_fd_sc_hd__buf_1)
                  0.12    0.15    2.31 ^ _641_/X (sky130_fd_sc_hd__buf_1)
     5    0.01                           _293_ (net)
                  0.12    0.00    2.31 ^ _642_/B (sky130_fd_sc_hd__or2_2)
                  0.03    0.14    2.45 ^ _642_/X (sky130_fd_sc_hd__or2_2)
     2    0.00                           _294_ (net)
                  0.03    0.00    2.45 ^ _643_/A (sky130_fd_sc_hd__buf_1)
                  0.15    0.17    2.62 ^ _643_/X (sky130_fd_sc_hd__buf_1)
     5    0.01                           _295_ (net)
                  0.15    0.00    2.62 ^ _657_/B1 (sky130_fd_sc_hd__o32a_2)
                  0.05    0.20    2.81 ^ _657_/X (sky130_fd_sc_hd__o32a_2)
     2    0.01                           _308_ (net)
                  0.05    0.00    2.81 ^ _658_/B1 (sky130_fd_sc_hd__o21ai_2)
                  0.04    0.06    2.87 v _658_/Y (sky130_fd_sc_hd__o21ai_2)
     3    0.00                           _309_ (net)
                  0.04    0.00    2.87 v _659_/B (sky130_fd_sc_hd__or2_2)
                  0.07    0.32    3.19 v _659_/X (sky130_fd_sc_hd__or2_2)
     3    0.01                           _310_ (net)
                  0.07    0.00    3.19 v _666_/A (sky130_fd_sc_hd__or2_2)
                  0.05    0.32    3.51 v _666_/X (sky130_fd_sc_hd__or2_2)
     1    0.00                           _317_ (net)
                  0.05    0.00    3.51 v _667_/A (sky130_fd_sc_hd__buf_1)
                  0.19    0.24    3.75 v _667_/X (sky130_fd_sc_hd__buf_1)
     1    0.03                           segment_xhxx[1] (net)
                  0.19    0.00    3.75 v segment_xhxx[1] (out)
                                  3.75   data arrival time

                  0.15   10.00   10.00   clock sysclk_i (rise edge)
                          0.00   10.00   clock network delay (ideal)
                         -0.25    9.75   clock uncertainty
                          0.00    9.75   clock reconvergence pessimism
                         -2.00    7.75   output external delay
                                  7.75   data required time
-----------------------------------------------------------------------------
                                  7.75   data required time
                                 -3.75   data arrival time
-----------------------------------------------------------------------------
                                  4.00   slack (MET)


Startpoint: _810_ (falling edge-triggered flip-flop)
Endpoint: segment_xhxx[6] (output port clocked by sysclk_i)
Path Group: sysclk_i
Path Type: max

Fanout     Cap    Slew   Delay    Time   Description
-----------------------------------------------------------------------------
                  0.02    0.00    0.00 v _810_/CLK_N (sky130_fd_sc_hd__dfbbn_2)
                  0.16    0.67    0.67 ^ _810_/Q (sky130_fd_sc_hd__dfbbn_2)
     8    0.03                           inst_count24h.count_int[3] (net)
                  0.16    0.00    0.67 ^ _632_/A (sky130_fd_sc_hd__inv_2)
                  0.04    0.05    0.73 v _632_/Y (sky130_fd_sc_hd__inv_2)
     3    0.01                           _287_ (net)
                  0.04    0.00    0.73 v _633_/A (sky130_fd_sc_hd__or3_2)
                  0.07    0.50    1.23 v _633_/X (sky130_fd_sc_hd__or3_2)
     1    0.00                           _288_ (net)
                  0.07    0.00    1.23 v _634_/A3 (sky130_fd_sc_hd__o32a_2)
                  0.06    0.37    1.60 v _634_/X (sky130_fd_sc_hd__o32a_2)
     1    0.00                           _289_ (net)
                  0.06    0.00    1.60 v _635_/A (sky130_fd_sc_hd__inv_2)
                  0.07    0.09    1.69 ^ _635_/Y (sky130_fd_sc_hd__inv_2)
     4    0.01                           _033_ (net)
                  0.07    0.00    1.69 ^ _797_/S (sky130_fd_sc_hd__mux2_1)
                  0.10    0.41    2.09 v _797_/X (sky130_fd_sc_hd__mux2_1)
     5    0.01                           _038_ (net)
                  0.10    0.00    2.09 v _640_/A (sky130_fd_sc_hd__inv_2)
                  0.04    0.07    2.16 ^ _640_/Y (sky130_fd_sc_hd__inv_2)
     2    0.00                           _292_ (net)
                  0.04    0.00    2.16 ^ _641_/A (sky130_fd_sc_hd__buf_1)
                  0.12    0.15    2.31 ^ _641_/X (sky130_fd_sc_hd__buf_1)
     5    0.01                           _293_ (net)
                  0.12    0.00    2.31 ^ _642_/B (sky130_fd_sc_hd__or2_2)
                  0.03    0.14    2.45 ^ _642_/X (sky130_fd_sc_hd__or2_2)
     2    0.00                           _294_ (net)
                  0.03    0.00    2.45 ^ _643_/A (sky130_fd_sc_hd__buf_1)
                  0.15    0.17    2.62 ^ _643_/X (sky130_fd_sc_hd__buf_1)
     5    0.01                           _295_ (net)
                  0.15    0.00    2.62 ^ _657_/B1 (sky130_fd_sc_hd__o32a_2)
                  0.05    0.20    2.81 ^ _657_/X (sky130_fd_sc_hd__o32a_2)
     2    0.01                           _308_ (net)
                  0.05    0.00    2.81 ^ _658_/B1 (sky130_fd_sc_hd__o21ai_2)
                  0.04    0.06    2.87 v _658_/Y (sky130_fd_sc_hd__o21ai_2)
     3    0.00                           _309_ (net)
                  0.04    0.00    2.87 v _659_/B (sky130_fd_sc_hd__or2_2)
                  0.07    0.32    3.19 v _659_/X (sky130_fd_sc_hd__or2_2)
     3    0.01                           _310_ (net)
                  0.07    0.00    3.19 v _682_/B1 (sky130_fd_sc_hd__o32a_2)
                  0.12    0.31    3.50 v _682_/X (sky130_fd_sc_hd__o32a_2)
     1    0.03                           segment_xhxx[6] (net)
                  0.12    0.00    3.50 v segment_xhxx[6] (out)
                                  3.50   data arrival time

                  0.15   10.00   10.00   clock sysclk_i (rise edge)
                          0.00   10.00   clock network delay (ideal)
                         -0.25    9.75   clock uncertainty
                          0.00    9.75   clock reconvergence pessimism
                         -2.00    7.75   output external delay
                                  7.75   data required time
-----------------------------------------------------------------------------
                                  7.75   data required time
                                 -3.50   data arrival time
-----------------------------------------------------------------------------
                                  4.25   slack (MET)


Startpoint: _809_ (falling edge-triggered flip-flop)
Endpoint: segment_xhxx[5] (output port clocked by sysclk_i)
Path Group: sysclk_i
Path Type: max

Fanout     Cap    Slew   Delay    Time   Description
-----------------------------------------------------------------------------
                  0.02    0.00    0.00 v _809_/CLK_N (sky130_fd_sc_hd__dfbbn_2)
                  0.06    0.69    0.69 v _809_/Q (sky130_fd_sc_hd__dfbbn_2)
     6    0.02                           inst_count24h.count_int[2] (net)
                  0.06    0.00    0.69 v _616_/A (sky130_fd_sc_hd__inv_2)
                  0.03    0.06    0.74 ^ _616_/Y (sky130_fd_sc_hd__inv_2)
     3    0.00                           _277_ (net)
                  0.03    0.00    0.74 ^ _617_/A (sky130_fd_sc_hd__or2_2)
                  0.03    0.10    0.84 ^ _617_/X (sky130_fd_sc_hd__or2_2)
     1    0.00                           _278_ (net)
                  0.03    0.00    0.84 ^ _618_/A (sky130_fd_sc_hd__buf_1)
                  0.14    0.15    1.00 ^ _618_/X (sky130_fd_sc_hd__buf_1)
     3    0.01                           _024_ (net)
                  0.14    0.00    1.00 ^ _619_/A (sky130_fd_sc_hd__inv_2)
                  0.03    0.03    1.03 v _619_/Y (sky130_fd_sc_hd__inv_2)
     1    0.00                           _023_ (net)
                  0.03    0.00    1.03 v _794_/A0 (sky130_fd_sc_hd__mux2_1)
                  0.06    0.31    1.34 v _794_/X (sky130_fd_sc_hd__mux2_1)
     1    0.00                           _031_ (net)
                  0.06    0.00    1.34 v _627_/A (sky130_fd_sc_hd__nor3b_2)
                  0.17    0.23    1.57 ^ _627_/Y (sky130_fd_sc_hd__nor3b_2)
     2    0.01                           _283_ (net)
                  0.17    0.00    1.57 ^ _628_/A (sky130_fd_sc_hd__or2b_2)
                  0.03    0.14    1.72 ^ _628_/X (sky130_fd_sc_hd__or2b_2)
     1    0.00                           _284_ (net)
                  0.03    0.00    1.72 ^ _629_/A (sky130_fd_sc_hd__buf_1)
                  0.08    0.11    1.83 ^ _629_/X (sky130_fd_sc_hd__buf_1)
     2    0.01                           _032_ (net)
                  0.08    0.00    1.83 ^ _795_/A0 (sky130_fd_sc_hd__mux2_1)
                  0.09    0.18    2.01 ^ _795_/X (sky130_fd_sc_hd__mux2_1)
     4    0.01                           _034_ (net)
                  0.09    0.00    2.01 ^ _645_/B (sky130_fd_sc_hd__or2_2)
                  0.03    0.13    2.14 ^ _645_/X (sky130_fd_sc_hd__or2_2)
     2    0.00                           _297_ (net)
                  0.03    0.00    2.14 ^ _646_/A (sky130_fd_sc_hd__buf_1)
                  0.18    0.19    2.32 ^ _646_/X (sky130_fd_sc_hd__buf_1)
     5    0.01                           _298_ (net)
                  0.18    0.00    2.32 ^ _662_/A (sky130_fd_sc_hd__inv_2)
                  0.05    0.06    2.38 v _662_/Y (sky130_fd_sc_hd__inv_2)
     3    0.01                           _313_ (net)
                  0.05    0.00    2.38 v _664_/A3 (sky130_fd_sc_hd__a31o_2)
                  0.04    0.26    2.64 v _664_/X (sky130_fd_sc_hd__a31o_2)
     2    0.00                           _315_ (net)
                  0.04    0.00    2.64 v _665_/B (sky130_fd_sc_hd__or2_2)
                  0.06    0.29    2.94 v _665_/X (sky130_fd_sc_hd__or2_2)
     2    0.00                           _316_ (net)
                  0.06    0.00    2.94 v _679_/C1 (sky130_fd_sc_hd__a311o_2)
                  0.13    0.45    3.39 v _679_/X (sky130_fd_sc_hd__a311o_2)
     1    0.03                           segment_xhxx[5] (net)
                  0.13    0.00    3.39 v segment_xhxx[5] (out)
                                  3.39   data arrival time

                  0.15   10.00   10.00   clock sysclk_i (rise edge)
                          0.00   10.00   clock network delay (ideal)
                         -0.25    9.75   clock uncertainty
                          0.00    9.75   clock reconvergence pessimism
                         -2.00    7.75   output external delay
                                  7.75   data required time
-----------------------------------------------------------------------------
                                  7.75   data required time
                                 -3.39   data arrival time
-----------------------------------------------------------------------------
                                  4.36   slack (MET)


