Startpoint: _648_ (rising edge-triggered flip-flop clocked by sysclk_i)
Endpoint: _684_ (removal check against rising-edge clock sysclk_i)
Path Group: **async_default**
Path Type: min

Fanout     Cap    Slew   Delay    Time   Description
-----------------------------------------------------------------------------
                          0.00    0.00   clock sysclk_i (rise edge)
                          0.71    0.71   clock network delay (propagated)
                  0.12    0.00    0.71 ^ _648_/CLK (sky130_fd_sc_hd__dfrtp_4)
                  0.29    0.54    1.26 ^ _648_/Q (sky130_fd_sc_hd__dfrtp_4)
    22    0.10                           inst_count10m.rstn_i (net)
                  0.29    0.02    1.28 ^ hold3/A (sky130_fd_sc_hd__dlymetal6s2s_1)
                  0.21    0.24    1.51 ^ hold3/X (sky130_fd_sc_hd__dlymetal6s2s_1)
     2    0.02                           net18 (net)
                  0.21    0.00    1.52 ^ _684_/SET_B (sky130_fd_sc_hd__dfstp_2)
                                  1.52   data arrival time

                          0.00    0.00   clock sysclk_i (rise edge)
                          0.93    0.93   clock network delay (propagated)
                          0.25    1.18   clock uncertainty
                         -0.10    1.08   clock reconvergence pessimism
                                  1.08 ^ _684_/CLK (sky130_fd_sc_hd__dfstp_2)
                          0.19    1.26   library removal time
                                  1.26   data required time
-----------------------------------------------------------------------------
                                  1.26   data required time
                                 -1.52   data arrival time
-----------------------------------------------------------------------------
                                  0.25   slack (MET)


Startpoint: _650_ (rising edge-triggered flip-flop clocked by sysclk_i)
Endpoint: _650_ (rising edge-triggered flip-flop clocked by sysclk_i)
Path Group: sysclk_i
Path Type: min

Fanout     Cap    Slew   Delay    Time   Description
-----------------------------------------------------------------------------
                          0.00    0.00   clock sysclk_i (rise edge)
                          0.75    0.75   clock network delay (propagated)
                  0.19    0.00    0.75 ^ _650_/CLK (sky130_fd_sc_hd__dfrtp_1)
                  0.14    0.39    1.14 ^ _650_/Q (sky130_fd_sc_hd__dfrtp_1)
     3    0.01                           inst_div32768.count_int[0] (net)
                  0.14    0.01    1.14 ^ _593_/A (sky130_fd_sc_hd__inv_2)
                  0.04    0.04    1.19 v _593_/Y (sky130_fd_sc_hd__inv_2)
     1    0.01                           _043_ (net)
                  0.04    0.00    1.19 v _650_/D (sky130_fd_sc_hd__dfrtp_1)
                                  1.19   data arrival time

                          0.00    0.00   clock sysclk_i (rise edge)
                          0.91    0.91   clock network delay (propagated)
                          0.25    1.16   clock uncertainty
                         -0.16    1.00   clock reconvergence pessimism
                                  1.00 ^ _650_/CLK (sky130_fd_sc_hd__dfrtp_1)
                         -0.01    0.99   library hold time
                                  0.99   data required time
-----------------------------------------------------------------------------
                                  0.99   data required time
                                 -1.19   data arrival time
-----------------------------------------------------------------------------
                                  0.20   slack (MET)


Startpoint: rstn_i (input port clocked by sysclk_i)
Endpoint: _648_ (recovery check against rising-edge clock sysclk_i)
Path Group: **async_default**
Path Type: max

Fanout     Cap    Slew   Delay    Time   Description
-----------------------------------------------------------------------------
                          0.00    0.00   clock sysclk_i (rise edge)
                          0.00    0.00   clock network delay (propagated)
                          2.00    2.00 ^ input external delay
                  0.12    0.09    2.09 ^ rstn_i (in)
     1    0.01                           rstn_i (net)
                  0.13    0.00    2.09 ^ input14/A (sky130_fd_sc_hd__buf_12)
                  0.14    0.17    2.26 ^ input14/X (sky130_fd_sc_hd__buf_12)
    14    0.13                           net14 (net)
                  0.21    0.09    2.35 ^ _648_/RESET_B (sky130_fd_sc_hd__dfrtp_4)
                                  2.35   data arrival time

                         10.00   10.00   clock sysclk_i (rise edge)
                          0.71   10.71   clock network delay (propagated)
                         -0.25   10.46   clock uncertainty
                          0.00   10.46   clock reconvergence pessimism
                                 10.46 ^ _648_/CLK (sky130_fd_sc_hd__dfrtp_4)
                          0.19   10.65   library recovery time
                                 10.65   data required time
-----------------------------------------------------------------------------
                                 10.65   data required time
                                 -2.35   data arrival time
-----------------------------------------------------------------------------
                                  8.30   slack (MET)


Startpoint: _645_ (falling edge-triggered flip-flop)
Endpoint: segment_xhxx[2] (output port clocked by sysclk_i)
Path Group: sysclk_i
Path Type: max

Fanout     Cap    Slew   Delay    Time   Description
-----------------------------------------------------------------------------
                  0.03    0.00    0.00 v _645_/CLK_N (sky130_fd_sc_hd__dfbbn_2)
                  0.10    0.72    0.72 v _645_/Q (sky130_fd_sc_hd__dfbbn_2)
     6    0.04                           inst_count24h.count_int[2] (net)
                  0.10    0.02    0.74 v _441_/A (sky130_fd_sc_hd__inv_2)
                  0.06    0.09    0.83 ^ _441_/Y (sky130_fd_sc_hd__inv_2)
     3    0.01                           _184_ (net)
                  0.06    0.00    0.83 ^ _442_/A (sky130_fd_sc_hd__or2_1)
                  0.05    0.11    0.95 ^ _442_/X (sky130_fd_sc_hd__or2_1)
     1    0.00                           _185_ (net)
                  0.05    0.00    0.95 ^ _443_/A (sky130_fd_sc_hd__clkbuf_1)
                  0.17    0.19    1.13 ^ _443_/X (sky130_fd_sc_hd__clkbuf_1)
     3    0.01                           _024_ (net)
                  0.17    0.01    1.14 ^ _444_/A (sky130_fd_sc_hd__inv_2)
                  0.03    0.05    1.19 v _444_/Y (sky130_fd_sc_hd__inv_2)
     1    0.00                           _023_ (net)
                  0.03    0.00    1.19 v _630_/A0 (sky130_fd_sc_hd__mux2_1)
                  0.06    0.30    1.49 v _630_/X (sky130_fd_sc_hd__mux2_1)
     1    0.00                           _031_ (net)
                  0.06    0.00    1.49 v _452_/A (sky130_fd_sc_hd__nor3b_1)
                  0.27    0.31    1.80 ^ _452_/Y (sky130_fd_sc_hd__nor3b_1)
     2    0.01                           _190_ (net)
                  0.27    0.00    1.80 ^ _453_/A (sky130_fd_sc_hd__or2b_1)
                  0.05    0.17    1.97 ^ _453_/X (sky130_fd_sc_hd__or2b_1)
     1    0.00                           _191_ (net)
                  0.05    0.00    1.97 ^ _454_/A (sky130_fd_sc_hd__clkbuf_1)
                  0.12    0.15    2.12 ^ _454_/X (sky130_fd_sc_hd__clkbuf_1)
     2    0.01                           _032_ (net)
                  0.12    0.00    2.12 ^ _631_/A0 (sky130_fd_sc_hd__mux2_1)
                  0.15    0.24    2.36 ^ _631_/X (sky130_fd_sc_hd__mux2_1)
     4    0.02                           _034_ (net)
                  0.15    0.01    2.37 ^ _470_/B (sky130_fd_sc_hd__or2_1)
                  0.10    0.18    2.54 ^ _470_/X (sky130_fd_sc_hd__or2_1)
     2    0.01                           _204_ (net)
                  0.10    0.00    2.55 ^ _471_/A (sky130_fd_sc_hd__clkbuf_2)
                  0.14    0.20    2.75 ^ _471_/X (sky130_fd_sc_hd__clkbuf_2)
     5    0.02                           _205_ (net)
                  0.14    0.01    2.77 ^ _487_/A (sky130_fd_sc_hd__inv_2)
                  0.05    0.08    2.84 v _487_/Y (sky130_fd_sc_hd__inv_2)
     3    0.01                           _220_ (net)
                  0.06    0.01    2.85 v _493_/A3 (sky130_fd_sc_hd__a31o_1)
                  0.09    0.29    3.14 v _493_/X (sky130_fd_sc_hd__a31o_1)
     3    0.01                           _225_ (net)
                  0.09    0.01    3.14 v _495_/B (sky130_fd_sc_hd__or3b_1)
                  0.12    0.47    3.61 v _495_/X (sky130_fd_sc_hd__or3b_1)
     3    0.01                           _227_ (net)
                  0.12    0.01    3.62 v _496_/B (sky130_fd_sc_hd__or3b_4)
                  0.16    0.56    4.17 v _496_/X (sky130_fd_sc_hd__or3b_4)
     1    0.07                           _228_ (net)
                  0.17    0.03    4.21 v _497_/A (sky130_fd_sc_hd__buf_2)
                  0.10    0.26    4.46 v _497_/X (sky130_fd_sc_hd__buf_2)
     1    0.03                           segment_xhxx[2] (net)
                  0.10    0.01    4.47 v segment_xhxx[2] (out)
                                  4.47   data arrival time

                         10.00   10.00   clock sysclk_i (rise edge)
                          0.00   10.00   clock network delay (propagated)
                         -0.25    9.75   clock uncertainty
                          0.00    9.75   clock reconvergence pessimism
                         -2.00    7.75   output external delay
                                  7.75   data required time
-----------------------------------------------------------------------------
                                  7.75   data required time
                                 -4.47   data arrival time
-----------------------------------------------------------------------------
                                  3.28   slack (MET)


